Sep 12 21:55:06 ip-172-31-40-121 kernel: Linux version 5.10.223-211.872.amzn2.x86_64 (mockbuild@ip-10-0-48-132) (gcc10-gcc (GCC) 10.5.0 20230707 (Red Hat 10.5.0-1), GNU ld version 2.35.2-9.amzn2.0.1) #1 SMP Mon Jul 29 19:52:29 UTC 2024
Sep 12 21:55:06 ip-172-31-40-121 kernel: Command line: BOOT_IMAGE=/boot/vmlinuz-5.10.223-211.872.amzn2.x86_64 root=UUID=538e4b60-2617-4d90-a786-dd6db81b435c ro console=tty0 console=ttyS0,115200n8 net.ifnames=0 biosdevname=0 nvme_core.io_timeout=4294967295 rd.emergency=poweroff rd.shell=0
Sep 12 21:55:06 ip-172-31-40-121 kernel: KASLR enabled
Sep 12 21:55:06 ip-172-31-40-121 kernel: BIOS-provided physical RAM map:
Sep 12 21:55:06 ip-172-31-40-121 kernel: BIOS-e820: [mem 0x0000000000000000-0x000000000009fbff] usable
Sep 12 21:55:06 ip-172-31-40-121 kernel: BIOS-e820: [mem 0x000000000009fc00-0x000000000009ffff] reserved
Sep 12 21:55:06 ip-172-31-40-121 kernel: BIOS-e820: [mem 0x00000000000f0000-0x00000000000fffff] reserved
Sep 12 21:55:06 ip-172-31-40-121 kernel: BIOS-e820: [mem 0x0000000000100000-0x000000003e3e9fff] usable
Sep 12 21:55:06 ip-172-31-40-121 kernel: BIOS-e820: [mem 0x000000003e3ea000-0x000000003fffffff] reserved
Sep 12 21:55:06 ip-172-31-40-121 kernel: BIOS-e820: [mem 0x00000000e0000000-0x00000000e03fffff] reserved
Sep 12 21:55:06 ip-172-31-40-121 kernel: BIOS-e820: [mem 0x00000000fffc0000-0x00000000ffffffff] reserved
Sep 12 21:55:06 ip-172-31-40-121 kernel: NX (Execute Disable) protection: active
Sep 12 21:55:06 ip-172-31-40-121 kernel: SMBIOS 2.7 present.
Sep 12 21:55:06 ip-172-31-40-121 kernel: DMI: Amazon EC2 t3.micro/, BIOS 1.0 10/16/2017
Sep 12 21:55:06 ip-172-31-40-121 kernel: Hypervisor detected: KVM
Sep 12 21:55:06 ip-172-31-40-121 kernel: kvm-clock: Using msrs 4b564d01 and 4b564d00
Sep 12 21:55:06 ip-172-31-40-121 kernel: kvm-clock: cpu 0, msr f601001, primary cpu clock
Sep 12 21:55:06 ip-172-31-40-121 kernel: kvm-clock: using sched offset of 2234424905 cycles
Sep 12 21:55:06 ip-172-31-40-121 kernel: clocksource: kvm-clock: mask: 0xffffffffffffffff max_cycles: 0x1cd42e4dffb, max_idle_ns: 881590591483 ns
Sep 12 21:55:06 ip-172-31-40-121 kernel: tsc: Detected 2499.996 MHz processor
Sep 12 21:55:06 ip-172-31-40-121 kernel: last_pfn = 0x3e3ea max_arch_pfn = 0x400000000
Sep 12 21:55:06 ip-172-31-40-121 kernel: x86/PAT: Configuration [0-7]: WB  WC  UC- UC  WB  WP  UC- WT  
Sep 12 21:55:06 ip-172-31-40-121 kernel: check: Scanning 1 areas for low memory corruption
Sep 12 21:55:06 ip-172-31-40-121 kernel: Using GB pages for direct mapping
Sep 12 21:55:06 ip-172-31-40-121 kernel: RAMDISK: [mem 0x36775000-0x373b1fff]
Sep 12 21:55:06 ip-172-31-40-121 kernel: ACPI: Early table checksum verification disabled
Sep 12 21:55:06 ip-172-31-40-121 kernel: ACPI: RSDP 0x00000000000F8F40 000014 (v00 AMAZON)
Sep 12 21:55:06 ip-172-31-40-121 kernel: ACPI: RSDT 0x000000003E3EE350 000044 (v01 AMAZON AMZNRSDT 00000001 AMZN 00000001)
Sep 12 21:55:06 ip-172-31-40-121 kernel: ACPI: FACP 0x000000003E3EFF80 000074 (v01 AMAZON AMZNFACP 00000001 AMZN 00000001)
Sep 12 21:55:06 ip-172-31-40-121 kernel: ACPI: DSDT 0x000000003E3EE3A0 0010E9 (v01 AMAZON AMZNDSDT 00000001 AMZN 00000001)
Sep 12 21:55:06 ip-172-31-40-121 kernel: ACPI: FACS 0x000000003E3EFF40 000040
Sep 12 21:55:06 ip-172-31-40-121 kernel: ACPI: SSDT 0x000000003E3EF6C0 00087A (v01 AMAZON AMZNSSDT 00000001 AMZN 00000001)
Sep 12 21:55:06 ip-172-31-40-121 kernel: ACPI: APIC 0x000000003E3EF5D0 000076 (v01 AMAZON AMZNAPIC 00000001 AMZN 00000001)
Sep 12 21:55:06 ip-172-31-40-121 kernel: ACPI: SRAT 0x000000003E3EF530 0000A0 (v01 AMAZON AMZNSRAT 00000001 AMZN 00000001)
Sep 12 21:55:06 ip-172-31-40-121 kernel: ACPI: SLIT 0x000000003E3EF4C0 00006C (v01 AMAZON AMZNSLIT 00000001 AMZN 00000001)
Sep 12 21:55:06 ip-172-31-40-121 kernel: ACPI: WAET 0x000000003E3EF490 000028 (v01 AMAZON AMZNWAET 00000001 AMZN 00000001)
Sep 12 21:55:06 ip-172-31-40-121 kernel: ACPI: HPET 0x00000000000C9000 000038 (v01 AMAZON AMZNHPET 00000001 AMZN 00000001)
Sep 12 21:55:06 ip-172-31-40-121 kernel: ACPI: SSDT 0x00000000000C9040 00007B (v01 AMAZON AMZNSSDT 00000001 AMZN 00000001)
Sep 12 21:55:06 ip-172-31-40-121 kernel: ACPI: Reserving FACP table memory at [mem 0x3e3eff80-0x3e3efff3]
Sep 12 21:55:06 ip-172-31-40-121 kernel: ACPI: Reserving DSDT table memory at [mem 0x3e3ee3a0-0x3e3ef488]
Sep 12 21:55:06 ip-172-31-40-121 kernel: ACPI: Reserving FACS table memory at [mem 0x3e3eff40-0x3e3eff7f]
Sep 12 21:55:06 ip-172-31-40-121 kernel: ACPI: Reserving SSDT table memory at [mem 0x3e3ef6c0-0x3e3eff39]
Sep 12 21:55:06 ip-172-31-40-121 kernel: ACPI: Reserving APIC table memory at [mem 0x3e3ef5d0-0x3e3ef645]
Sep 12 21:55:06 ip-172-31-40-121 kernel: ACPI: Reserving SRAT table memory at [mem 0x3e3ef530-0x3e3ef5cf]
Sep 12 21:55:06 ip-172-31-40-121 kernel: ACPI: Reserving SLIT table memory at [mem 0x3e3ef4c0-0x3e3ef52b]
Sep 12 21:55:06 ip-172-31-40-121 kernel: ACPI: Reserving WAET table memory at [mem 0x3e3ef490-0x3e3ef4b7]
Sep 12 21:55:06 ip-172-31-40-121 kernel: ACPI: Reserving HPET table memory at [mem 0xc9000-0xc9037]
Sep 12 21:55:06 ip-172-31-40-121 kernel: ACPI: Reserving SSDT table memory at [mem 0xc9040-0xc90ba]
Sep 12 21:55:06 ip-172-31-40-121 kernel: SRAT: PXM 0 -> APIC 0x00 -> Node 0
Sep 12 21:55:06 ip-172-31-40-121 kernel: SRAT: PXM 0 -> APIC 0x01 -> Node 0
Sep 12 21:55:06 ip-172-31-40-121 kernel: ACPI: SRAT: Node 0 PXM 0 [mem 0x00000000-0x3fffffff]
Sep 12 21:55:06 ip-172-31-40-121 kernel: NODE_DATA(0) allocated [mem 0x3e3c7000-0x3e3e8fff]
Sep 12 21:55:06 ip-172-31-40-121 kernel: Zone ranges:
Sep 12 21:55:06 ip-172-31-40-121 kernel:  DMA      [mem 0x0000000000001000-0x0000000000ffffff]
Sep 12 21:55:06 ip-172-31-40-121 kernel:  DMA32    [mem 0x0000000001000000-0x000000003e3e9fff]
Sep 12 21:55:06 ip-172-31-40-121 kernel:  Normal   empty
Sep 12 21:55:06 ip-172-31-40-121 kernel: Movable zone start for each node
Sep 12 21:55:06 ip-172-31-40-121 kernel: Early memory node ranges
Sep 12 21:55:06 ip-172-31-40-121 kernel:  node   0: [mem 0x0000000000001000-0x000000000009efff]
Sep 12 21:55:06 ip-172-31-40-121 kernel:  node   0: [mem 0x0000000000100000-0x000000003e3e9fff]
Sep 12 21:55:06 ip-172-31-40-121 kernel: Initmem setup node 0 [mem 0x0000000000001000-0x000000003e3e9fff]
Sep 12 21:55:06 ip-172-31-40-121 kernel: On node 0, zone DMA: 1 pages in unavailable ranges
Sep 12 21:55:06 ip-172-31-40-121 kernel: On node 0, zone DMA: 97 pages in unavailable ranges
Sep 12 21:55:06 ip-172-31-40-121 kernel: On node 0, zone DMA32: 7190 pages in unavailable ranges
Sep 12 21:55:06 ip-172-31-40-121 kernel: ACPI: PM-Timer IO Port: 0xb008
Sep 12 21:55:06 ip-172-31-40-121 kernel: ACPI: LAPIC_NMI (acpi_id[0xff] dfl dfl lint[0x1])
Sep 12 21:55:06 ip-172-31-40-121 kernel: IOAPIC[0]: apic_id 0, version 32, address 0xfec00000, GSI 0-23
Sep 12 21:55:06 ip-172-31-40-121 kernel: ACPI: INT_SRC_OVR (bus 0 bus_irq 5 global_irq 5 high level)
Sep 12 21:55:06 ip-172-31-40-121 kernel: ACPI: INT_SRC_OVR (bus 0 bus_irq 9 global_irq 9 high level)
Sep 12 21:55:06 ip-172-31-40-121 kernel: ACPI: INT_SRC_OVR (bus 0 bus_irq 10 global_irq 10 high level)
Sep 12 21:55:06 ip-172-31-40-121 kernel: ACPI: INT_SRC_OVR (bus 0 bus_irq 11 global_irq 11 high level)
Sep 12 21:55:06 ip-172-31-40-121 kernel: Using ACPI (MADT) for SMP configuration information
Sep 12 21:55:06 ip-172-31-40-121 kernel: ACPI: HPET id: 0x8086a201 base: 0xfed00000
Sep 12 21:55:06 ip-172-31-40-121 kernel: TSC deadline timer available
Sep 12 21:55:06 ip-172-31-40-121 kernel: smpboot: Allowing 2 CPUs, 0 hotplug CPUs
Sep 12 21:55:06 ip-172-31-40-121 kernel: PM: hibernation: Registered nosave memory: [mem 0x00000000-0x00000fff]
Sep 12 21:55:06 ip-172-31-40-121 kernel: PM: hibernation: Registered nosave memory: [mem 0x0009f000-0x0009ffff]
Sep 12 21:55:06 ip-172-31-40-121 kernel: PM: hibernation: Registered nosave memory: [mem 0x000a0000-0x000effff]
Sep 12 21:55:06 ip-172-31-40-121 kernel: PM: hibernation: Registered nosave memory: [mem 0x000f0000-0x000fffff]
Sep 12 21:55:06 ip-172-31-40-121 kernel: [mem 0x40000000-0xdfffffff] available for PCI devices
Sep 12 21:55:06 ip-172-31-40-121 kernel: Booting paravirtualized kernel on KVM
Sep 12 21:55:06 ip-172-31-40-121 kernel: clocksource: refined-jiffies: mask: 0xffffffff max_cycles: 0xffffffff, max_idle_ns: 7645519600211568 ns
Sep 12 21:55:06 ip-172-31-40-121 kernel: setup_percpu: NR_CPUS:8192 nr_cpumask_bits:2 nr_cpu_ids:2 nr_node_ids:1
Sep 12 21:55:06 ip-172-31-40-121 kernel: percpu: Embedded 62 pages/cpu s217088 r8192 d28672 u1048576
Sep 12 21:55:06 ip-172-31-40-121 kernel: kvm-guest: stealtime: cpu 0, msr 3d034080
Sep 12 21:55:06 ip-172-31-40-121 kernel: kvm-guest: PV spinlocks enabled
Sep 12 21:55:06 ip-172-31-40-121 kernel: PV qspinlock hash table entries: 256 (order: 0, 4096 bytes, linear)
Sep 12 21:55:06 ip-172-31-40-121 kernel: Built 1 zonelists, mobility grouping on.  Total pages: 250851
Sep 12 21:55:06 ip-172-31-40-121 kernel: Policy zone: DMA32
Sep 12 21:55:06 ip-172-31-40-121 kernel: Kernel command line: BOOT_IMAGE=/boot/vmlinuz-5.10.223-211.872.amzn2.x86_64 root=UUID=538e4b60-2617-4d90-a786-dd6db81b435c ro console=tty0 console=ttyS0,115200n8 net.ifnames=0 biosdevname=0 nvme_core.io_timeout=4294967295 rd.emergency=poweroff rd.shell=0
Sep 12 21:55:06 ip-172-31-40-121 kernel: Fallback order for Node 0: 0 
Sep 12 21:55:06 ip-172-31-40-121 kernel: Dentry cache hash table entries: 131072 (order: 8, 1048576 bytes, linear)
Sep 12 21:55:06 ip-172-31-40-121 kernel: Inode-cache hash table entries: 65536 (order: 7, 524288 bytes, linear)
Sep 12 21:55:06 ip-172-31-40-121 kernel: mem auto-init: stack:off, heap alloc:off, heap free:off
Sep 12 21:55:06 ip-172-31-40-121 kernel: Memory: 204012K/1019424K available (12300K kernel code, 9442K rwdata, 8056K rodata, 2468K init, 18744K bss, 88620K reserved, 0K cma-reserved)
Sep 12 21:55:06 ip-172-31-40-121 kernel: SLUB: HWalign=64, Order=0-3, MinObjects=0, CPUs=2, Nodes=1
Sep 12 21:55:06 ip-172-31-40-121 kernel: Kernel/User page tables isolation: enabled
Sep 12 21:55:06 ip-172-31-40-121 kernel: ftrace: allocating 40151 entries in 157 pages
Sep 12 21:55:06 ip-172-31-40-121 kernel: ftrace: allocated 157 pages with 5 groups
Sep 12 21:55:06 ip-172-31-40-121 kernel: rcu: Hierarchical RCU implementation.
Sep 12 21:55:06 ip-172-31-40-121 kernel: rcu: #011RCU restricting CPUs from NR_CPUS=8192 to nr_cpu_ids=2.
Sep 12 21:55:06 ip-172-31-40-121 kernel: #011Rude variant of Tasks RCU enabled.
Sep 12 21:55:06 ip-172-31-40-121 kernel: #011Tracing variant of Tasks RCU enabled.
Sep 12 21:55:06 ip-172-31-40-121 kernel: rcu: RCU calculated value of scheduler-enlistment delay is 25 jiffies.
Sep 12 21:55:06 ip-172-31-40-121 kernel: rcu: Adjusting geometry for rcu_fanout_leaf=16, nr_cpu_ids=2
Sep 12 21:55:06 ip-172-31-40-121 kernel: NR_IRQS: 524544, nr_irqs: 440, preallocated irqs: 16
Sep 12 21:55:06 ip-172-31-40-121 kernel: random: crng init done
Sep 12 21:55:06 ip-172-31-40-121 kernel: Console: colour VGA+ 80x25
Sep 12 21:55:06 ip-172-31-40-121 kernel: printk: console [tty0] enabled
Sep 12 21:55:06 ip-172-31-40-121 kernel: printk: console [ttyS0] enabled
Sep 12 21:55:06 ip-172-31-40-121 kernel: ACPI: Core revision 20200925
Sep 12 21:55:06 ip-172-31-40-121 kernel: clocksource: hpet: mask: 0xffffffff max_cycles: 0xffffffff, max_idle_ns: 30580167144 ns
Sep 12 21:55:06 ip-172-31-40-121 kernel: APIC: Switch to symmetric I/O mode setup
Sep 12 21:55:06 ip-172-31-40-121 kernel: x2apic enabled
Sep 12 21:55:06 ip-172-31-40-121 kernel: Switched APIC routing to physical x2apic.
Sep 12 21:55:06 ip-172-31-40-121 kernel: clocksource: tsc-early: mask: 0xffffffffffffffff max_cycles: 0x24093623c91, max_idle_ns: 440795291220 ns
Sep 12 21:55:06 ip-172-31-40-121 kernel: Calibrating delay loop (skipped) preset value.. 4999.99 BogoMIPS (lpj=9999984)
Sep 12 21:55:06 ip-172-31-40-121 kernel: Last level iTLB entries: 4KB 64, 2MB 8, 4MB 8
Sep 12 21:55:06 ip-172-31-40-121 kernel: Last level dTLB entries: 4KB 64, 2MB 0, 4MB 0, 1GB 4
Sep 12 21:55:06 ip-172-31-40-121 kernel: Spectre V1 : Mitigation: usercopy/swapgs barriers and __user pointer sanitization
Sep 12 21:55:06 ip-172-31-40-121 kernel: Spectre V2 : Mitigation: Retpolines
Sep 12 21:55:06 ip-172-31-40-121 kernel: Spectre V2 : Spectre v2 / SpectreRSB mitigation: Filling RSB on context switch
Sep 12 21:55:06 ip-172-31-40-121 kernel: Spectre V2 : Spectre v2 / SpectreRSB : Filling RSB on VMEXIT
Sep 12 21:55:06 ip-172-31-40-121 kernel: RETBleed: WARNING: Spectre v2 mitigation leaves CPU vulnerable to RETBleed attacks, data leaks possible!
Sep 12 21:55:06 ip-172-31-40-121 kernel: RETBleed: Vulnerable
Sep 12 21:55:06 ip-172-31-40-121 kernel: Speculative Store Bypass: Vulnerable
Sep 12 21:55:06 ip-172-31-40-121 kernel: MDS: Vulnerable: Clear CPU buffers attempted, no microcode
Sep 12 21:55:06 ip-172-31-40-121 kernel: MMIO Stale Data: Vulnerable: Clear CPU buffers attempted, no microcode
Sep 12 21:55:06 ip-172-31-40-121 kernel: GDS: Unknown: Dependent on hypervisor status
Sep 12 21:55:06 ip-172-31-40-121 kernel: x86/fpu: Supporting XSAVE feature 0x001: 'x87 floating point registers'
Sep 12 21:55:06 ip-172-31-40-121 kernel: x86/fpu: Supporting XSAVE feature 0x002: 'SSE registers'
Sep 12 21:55:06 ip-172-31-40-121 kernel: x86/fpu: Supporting XSAVE feature 0x004: 'AVX registers'
Sep 12 21:55:06 ip-172-31-40-121 kernel: x86/fpu: Supporting XSAVE feature 0x008: 'MPX bounds registers'
Sep 12 21:55:06 ip-172-31-40-121 kernel: x86/fpu: Supporting XSAVE feature 0x010: 'MPX CSR'
Sep 12 21:55:06 ip-172-31-40-121 kernel: x86/fpu: Supporting XSAVE feature 0x020: 'AVX-512 opmask'
Sep 12 21:55:06 ip-172-31-40-121 kernel: x86/fpu: Supporting XSAVE feature 0x040: 'AVX-512 Hi256'
Sep 12 21:55:06 ip-172-31-40-121 kernel: x86/fpu: Supporting XSAVE feature 0x080: 'AVX-512 ZMM_Hi256'
Sep 12 21:55:06 ip-172-31-40-121 kernel: x86/fpu: Supporting XSAVE feature 0x200: 'Protection Keys User registers'
Sep 12 21:55:06 ip-172-31-40-121 kernel: x86/fpu: xstate_offset[2]:  576, xstate_sizes[2]:  256
Sep 12 21:55:06 ip-172-31-40-121 kernel: x86/fpu: xstate_offset[3]:  832, xstate_sizes[3]:   64
Sep 12 21:55:06 ip-172-31-40-121 kernel: x86/fpu: xstate_offset[4]:  896, xstate_sizes[4]:   64
Sep 12 21:55:06 ip-172-31-40-121 kernel: x86/fpu: xstate_offset[5]:  960, xstate_sizes[5]:   64
Sep 12 21:55:06 ip-172-31-40-121 kernel: x86/fpu: xstate_offset[6]: 1024, xstate_sizes[6]:  512
Sep 12 21:55:06 ip-172-31-40-121 kernel: x86/fpu: xstate_offset[7]: 1536, xstate_sizes[7]: 1024
Sep 12 21:55:06 ip-172-31-40-121 kernel: x86/fpu: xstate_offset[9]: 2560, xstate_sizes[9]:    8
Sep 12 21:55:06 ip-172-31-40-121 kernel: x86/fpu: Enabled xstate features 0x2ff, context size is 2568 bytes, using 'compacted' format.
Sep 12 21:55:06 ip-172-31-40-121 kernel: Freeing SMP alternatives memory: 32K
Sep 12 21:55:06 ip-172-31-40-121 kernel: pid_max: default: 32768 minimum: 301
Sep 12 21:55:06 ip-172-31-40-121 kernel: LSM: Security Framework initializing
Sep 12 21:55:06 ip-172-31-40-121 kernel: Yama: becoming mindful.
Sep 12 21:55:06 ip-172-31-40-121 kernel: SELinux:  Initializing.
Sep 12 21:55:06 ip-172-31-40-121 kernel: LSM support for eBPF active
Sep 12 21:55:06 ip-172-31-40-121 kernel: Mount-cache hash table entries: 2048 (order: 2, 16384 bytes, linear)
Sep 12 21:55:06 ip-172-31-40-121 kernel: Mountpoint-cache hash table entries: 2048 (order: 2, 16384 bytes, linear)
Sep 12 21:55:06 ip-172-31-40-121 kernel: smpboot: CPU0: Intel(R) Xeon(R) Platinum 8259CL CPU @ 2.50GHz (family: 0x6, model: 0x55, stepping: 0x7)
Sep 12 21:55:06 ip-172-31-40-121 kernel: Performance Events: unsupported p6 CPU model 85 no PMU driver, software events only.
Sep 12 21:55:06 ip-172-31-40-121 kernel: rcu: Hierarchical SRCU implementation.
Sep 12 21:55:06 ip-172-31-40-121 kernel: NMI watchdog: Perf NMI watchdog permanently disabled
Sep 12 21:55:06 ip-172-31-40-121 kernel: smp: Bringing up secondary CPUs ...
Sep 12 21:55:06 ip-172-31-40-121 kernel: x86: Booting SMP configuration:
Sep 12 21:55:06 ip-172-31-40-121 kernel: .... node  #0, CPUs:      #1
Sep 12 21:55:06 ip-172-31-40-121 kernel: kvm-clock: cpu 1, msr f601041, secondary cpu clock
Sep 12 21:55:06 ip-172-31-40-121 kernel: kvm-guest: stealtime: cpu 1, msr 3d134080
Sep 12 21:55:06 ip-172-31-40-121 kernel: MDS CPU bug present and SMT on, data leak possible. See https://www.kernel.org/doc/html/latest/admin-guide/hw-vuln/mds.html for more details.
Sep 12 21:55:06 ip-172-31-40-121 kernel: MMIO Stale Data CPU bug present and SMT on, data leak possible. See https://www.kernel.org/doc/html/latest/admin-guide/hw-vuln/processor_mmio_stale_data.html for more details.
Sep 12 21:55:06 ip-172-31-40-121 kernel: smp: Brought up 1 node, 2 CPUs
Sep 12 21:55:06 ip-172-31-40-121 kernel: smpboot: Max logical packages: 1
Sep 12 21:55:06 ip-172-31-40-121 kernel: smpboot: Total of 2 processors activated (9999.98 BogoMIPS)
Sep 12 21:55:06 ip-172-31-40-121 kernel: node 0 deferred pages initialised in 0ms
Sep 12 21:55:06 ip-172-31-40-121 kernel: devtmpfs: initialized
Sep 12 21:55:06 ip-172-31-40-121 kernel: x86/mm: Memory block size: 128MB
Sep 12 21:55:06 ip-172-31-40-121 kernel: clocksource: jiffies: mask: 0xffffffff max_cycles: 0xffffffff, max_idle_ns: 7645041785100000 ns
Sep 12 21:55:06 ip-172-31-40-121 kernel: futex hash table entries: 512 (order: 3, 32768 bytes, linear)
Sep 12 21:55:06 ip-172-31-40-121 kernel: NET: Registered protocol family 16
Sep 12 21:55:06 ip-172-31-40-121 kernel: DMA: preallocated 128 KiB GFP_KERNEL pool for atomic allocations
Sep 12 21:55:06 ip-172-31-40-121 kernel: DMA: preallocated 128 KiB GFP_KERNEL|GFP_DMA pool for atomic allocations
Sep 12 21:55:06 ip-172-31-40-121 kernel: DMA: preallocated 128 KiB GFP_KERNEL|GFP_DMA32 pool for atomic allocations
Sep 12 21:55:06 ip-172-31-40-121 kernel: audit: initializing netlink subsys (disabled)
Sep 12 21:55:06 ip-172-31-40-121 kernel: audit: type=2000 audit(1726178104.400:1): state=initialized audit_enabled=0 res=1
Sep 12 21:55:06 ip-172-31-40-121 kernel: thermal_sys: Registered thermal governor 'fair_share'
Sep 12 21:55:06 ip-172-31-40-121 kernel: thermal_sys: Registered thermal governor 'step_wise'
Sep 12 21:55:06 ip-172-31-40-121 kernel: thermal_sys: Registered thermal governor 'user_space'
Sep 12 21:55:06 ip-172-31-40-121 kernel: cpuidle: using governor ladder
Sep 12 21:55:06 ip-172-31-40-121 kernel: cpuidle: using governor menu
Sep 12 21:55:06 ip-172-31-40-121 kernel: ACPI: bus type PCI registered
Sep 12 21:55:06 ip-172-31-40-121 kernel: acpiphp: ACPI Hot Plug PCI Controller Driver version: 0.5
Sep 12 21:55:06 ip-172-31-40-121 kernel: PCI: Using configuration type 1 for base access
Sep 12 21:55:06 ip-172-31-40-121 kernel: Kprobes globally optimized
Sep 12 21:55:06 ip-172-31-40-121 kernel: HugeTLB registered 1.00 GiB page size, pre-allocated 0 pages
Sep 12 21:55:06 ip-172-31-40-121 kernel: HugeTLB registered 2.00 MiB page size, pre-allocated 0 pages
Sep 12 21:55:06 ip-172-31-40-121 kernel: ACPI: Added _OSI(Module Device)
Sep 12 21:55:06 ip-172-31-40-121 kernel: ACPI: Added _OSI(Processor Device)
Sep 12 21:55:06 ip-172-31-40-121 kernel: ACPI: Added _OSI(3.0 _SCP Extensions)
Sep 12 21:55:06 ip-172-31-40-121 kernel: ACPI: Added _OSI(Processor Aggregator Device)
Sep 12 21:55:06 ip-172-31-40-121 kernel: ACPI: Added _OSI(Linux-Dell-Video)
Sep 12 21:55:06 ip-172-31-40-121 kernel: ACPI: Added _OSI(Linux-Lenovo-NV-HDMI-Audio)
Sep 12 21:55:06 ip-172-31-40-121 kernel: ACPI: Added _OSI(Linux-HPI-Hybrid-Graphics)
Sep 12 21:55:06 ip-172-31-40-121 kernel: ACPI: 3 ACPI AML tables successfully acquired and loaded
Sep 12 21:55:06 ip-172-31-40-121 kernel: ACPI: Interpreter enabled
Sep 12 21:55:06 ip-172-31-40-121 kernel: ACPI: (supports S0 S4 S5)
Sep 12 21:55:06 ip-172-31-40-121 kernel: ACPI: Using IOAPIC for interrupt routing
Sep 12 21:55:06 ip-172-31-40-121 kernel: PCI: Using host bridge windows from ACPI; if necessary, use "pci=nocrs" and report a bug
Sep 12 21:55:06 ip-172-31-40-121 kernel: ACPI: Enabled 16 GPEs in block 00 to 0F
Sep 12 21:55:06 ip-172-31-40-121 kernel: ACPI: PCI Root Bridge [PCI0] (domain 0000 [bus 00-ff])
Sep 12 21:55:06 ip-172-31-40-121 kernel: acpi PNP0A03:00: _OSC: OS supports [ASPM ClockPM Segments MSI HPX-Type3]
Sep 12 21:55:06 ip-172-31-40-121 kernel: acpi PNP0A03:00: fail to add MMCONFIG information, can't access extended PCI configuration space under this bridge.
Sep 12 21:55:06 ip-172-31-40-121 kernel: acpiphp: Slot [3] registered
Sep 12 21:55:06 ip-172-31-40-121 kernel: acpiphp: Slot [4] registered
Sep 12 21:55:06 ip-172-31-40-121 kernel: acpiphp: Slot [5] registered
Sep 12 21:55:06 ip-172-31-40-121 kernel: acpiphp: Slot [6] registered
Sep 12 21:55:06 ip-172-31-40-121 kernel: acpiphp: Slot [7] registered
Sep 12 21:55:06 ip-172-31-40-121 kernel: acpiphp: Slot [8] registered
Sep 12 21:55:06 ip-172-31-40-121 kernel: acpiphp: Slot [9] registered
Sep 12 21:55:06 ip-172-31-40-121 kernel: acpiphp: Slot [10] registered
Sep 12 21:55:06 ip-172-31-40-121 kernel: acpiphp: Slot [11] registered
Sep 12 21:55:06 ip-172-31-40-121 kernel: acpiphp: Slot [12] registered
Sep 12 21:55:06 ip-172-31-40-121 kernel: acpiphp: Slot [13] registered
Sep 12 21:55:06 ip-172-31-40-121 kernel: acpiphp: Slot [14] registered
Sep 12 21:55:06 ip-172-31-40-121 kernel: acpiphp: Slot [15] registered
Sep 12 21:55:06 ip-172-31-40-121 kernel: acpiphp: Slot [16] registered
Sep 12 21:55:06 ip-172-31-40-121 kernel: acpiphp: Slot [17] registered
Sep 12 21:55:06 ip-172-31-40-121 kernel: acpiphp: Slot [18] registered
Sep 12 21:55:06 ip-172-31-40-121 kernel: acpiphp: Slot [19] registered
Sep 12 21:55:06 ip-172-31-40-121 kernel: acpiphp: Slot [20] registered
Sep 12 21:55:06 ip-172-31-40-121 kernel: acpiphp: Slot [21] registered
Sep 12 21:55:06 ip-172-31-40-121 kernel: acpiphp: Slot [22] registered
Sep 12 21:55:06 ip-172-31-40-121 kernel: acpiphp: Slot [23] registered
Sep 12 21:55:06 ip-172-31-40-121 kernel: acpiphp: Slot [24] registered
Sep 12 21:55:06 ip-172-31-40-121 kernel: acpiphp: Slot [25] registered
Sep 12 21:55:06 ip-172-31-40-121 kernel: acpiphp: Slot [26] registered
Sep 12 21:55:06 ip-172-31-40-121 kernel: acpiphp: Slot [27] registered
Sep 12 21:55:06 ip-172-31-40-121 kernel: acpiphp: Slot [28] registered
Sep 12 21:55:06 ip-172-31-40-121 kernel: acpiphp: Slot [29] registered
Sep 12 21:55:06 ip-172-31-40-121 kernel: acpiphp: Slot [30] registered
Sep 12 21:55:06 ip-172-31-40-121 kernel: acpiphp: Slot [31] registered
Sep 12 21:55:06 ip-172-31-40-121 kernel: PCI host bridge to bus 0000:00
Sep 12 21:55:06 ip-172-31-40-121 kernel: pci_bus 0000:00: root bus resource [io  0x0000-0x0cf7 window]
Sep 12 21:55:06 ip-172-31-40-121 kernel: pci_bus 0000:00: root bus resource [io  0x0d00-0xffff window]
Sep 12 21:55:06 ip-172-31-40-121 kernel: pci_bus 0000:00: root bus resource [mem 0x000a0000-0x000bffff window]
Sep 12 21:55:06 ip-172-31-40-121 kernel: pci_bus 0000:00: root bus resource [mem 0x80000000-0xfebfffff window]
Sep 12 21:55:06 ip-172-31-40-121 kernel: pci_bus 0000:00: root bus resource [bus 00-ff]
Sep 12 21:55:06 ip-172-31-40-121 kernel: pci 0000:00:00.0: [8086:1237] type 00 class 0x060000
Sep 12 21:55:06 ip-172-31-40-121 kernel: pci 0000:00:01.0: [8086:7000] type 00 class 0x060100
Sep 12 21:55:06 ip-172-31-40-121 kernel: pci 0000:00:01.3: [8086:7113] type 00 class 0x000000
Sep 12 21:55:06 ip-172-31-40-121 kernel: pci 0000:00:01.3: quirk: [io  0xb000-0xb03f] claimed by PIIX4 ACPI
Sep 12 21:55:06 ip-172-31-40-121 kernel: pci 0000:00:01.3: quirk: [io  0xb100-0xb10f] claimed by PIIX4 SMB
Sep 12 21:55:06 ip-172-31-40-121 kernel: pci 0000:00:01.3: PIIX4 devres E PIO at fff0-ffff
Sep 12 21:55:06 ip-172-31-40-121 kernel: pci 0000:00:01.3: PIIX4 devres F MMIO at ffc00000-ffffffff
Sep 12 21:55:06 ip-172-31-40-121 kernel: pci 0000:00:01.3: PIIX4 devres G PIO at fff0-ffff
Sep 12 21:55:06 ip-172-31-40-121 kernel: pci 0000:00:01.3: PIIX4 devres H MMIO at ffc00000-ffffffff
Sep 12 21:55:06 ip-172-31-40-121 kernel: pci 0000:00:01.3: PIIX4 devres I PIO at fff0-ffff
Sep 12 21:55:06 ip-172-31-40-121 kernel: pci 0000:00:01.3: PIIX4 devres J PIO at fff0-ffff
Sep 12 21:55:06 ip-172-31-40-121 kernel: pci 0000:00:01.3: quirk_piix4_acpi+0x0/0x170 took 35156 usecs
Sep 12 21:55:06 ip-172-31-40-121 kernel: pci 0000:00:03.0: [1d0f:1111] type 00 class 0x030000
Sep 12 21:55:06 ip-172-31-40-121 kernel: pci 0000:00:03.0: reg 0x10: [mem 0xfe400000-0xfe7fffff pref]
Sep 12 21:55:06 ip-172-31-40-121 kernel: pci 0000:00:03.0: reg 0x30: [mem 0xfebe0000-0xfebeffff pref]
Sep 12 21:55:06 ip-172-31-40-121 kernel: pci 0000:00:04.0: [1d0f:8061] type 00 class 0x010802
Sep 12 21:55:06 ip-172-31-40-121 kernel: pci 0000:00:04.0: reg 0x10: [mem 0xfebf0000-0xfebf3fff]
Sep 12 21:55:06 ip-172-31-40-121 kernel: pci 0000:00:05.0: [1d0f:ec20] type 00 class 0x020000
Sep 12 21:55:06 ip-172-31-40-121 kernel: pci 0000:00:05.0: reg 0x10: [mem 0xfebf4000-0xfebf7fff]
Sep 12 21:55:06 ip-172-31-40-121 kernel: ACPI: PCI Interrupt Link [LNKA] (IRQs 5 *10 11)
Sep 12 21:55:06 ip-172-31-40-121 kernel: ACPI: PCI Interrupt Link [LNKB] (IRQs 5 *10 11)
Sep 12 21:55:06 ip-172-31-40-121 kernel: ACPI: PCI Interrupt Link [LNKC] (IRQs 5 10 *11)
Sep 12 21:55:06 ip-172-31-40-121 kernel: ACPI: PCI Interrupt Link [LNKD] (IRQs 5 10 *11)
Sep 12 21:55:06 ip-172-31-40-121 kernel: ACPI: PCI Interrupt Link [LNKS] (IRQs *9)
Sep 12 21:55:06 ip-172-31-40-121 kernel: iommu: Default domain type: Translated 
Sep 12 21:55:06 ip-172-31-40-121 kernel: pci 0000:00:03.0: vgaarb: setting as boot VGA device
Sep 12 21:55:06 ip-172-31-40-121 kernel: pci 0000:00:03.0: vgaarb: VGA device added: decodes=io+mem,owns=io+mem,locks=none
Sep 12 21:55:06 ip-172-31-40-121 kernel: pci 0000:00:03.0: vgaarb: bridge control possible
Sep 12 21:55:06 ip-172-31-40-121 kernel: vgaarb: loaded
Sep 12 21:55:06 ip-172-31-40-121 kernel: EDAC MC: Ver: 3.0.0
Sep 12 21:55:06 ip-172-31-40-121 kernel: NetLabel: Initializing
Sep 12 21:55:06 ip-172-31-40-121 kernel: NetLabel:  domain hash size = 128
Sep 12 21:55:06 ip-172-31-40-121 kernel: NetLabel:  protocols = UNLABELED CIPSOv4 CALIPSO
Sep 12 21:55:06 ip-172-31-40-121 kernel: NetLabel:  unlabeled traffic allowed by default
Sep 12 21:55:06 ip-172-31-40-121 kernel: PCI: Using ACPI for IRQ routing
Sep 12 21:55:06 ip-172-31-40-121 kernel: hpet0: at MMIO 0xfed00000, IRQs 2, 8, 0, 0, 0, 0, 0, 0
Sep 12 21:55:06 ip-172-31-40-121 kernel: hpet0: 8 comparators, 32-bit 62.500000 MHz counter
Sep 12 21:55:06 ip-172-31-40-121 kernel: clocksource: Switched to clocksource kvm-clock
Sep 12 21:55:06 ip-172-31-40-121 kernel: VFS: Disk quotas dquot_6.6.0
Sep 12 21:55:06 ip-172-31-40-121 kernel: VFS: Dquot-cache hash table entries: 512 (order 0, 4096 bytes)
Sep 12 21:55:06 ip-172-31-40-121 kernel: pnp: PnP ACPI init
Sep 12 21:55:06 ip-172-31-40-121 kernel: pnp: PnP ACPI: found 5 devices
Sep 12 21:55:06 ip-172-31-40-121 kernel: clocksource: acpi_pm: mask: 0xffffff max_cycles: 0xffffff, max_idle_ns: 2085701024 ns
Sep 12 21:55:06 ip-172-31-40-121 kernel: NET: Registered protocol family 2
Sep 12 21:55:06 ip-172-31-40-121 kernel: IP idents hash table entries: 16384 (order: 5, 131072 bytes, linear)
Sep 12 21:55:06 ip-172-31-40-121 kernel: tcp_listen_portaddr_hash hash table entries: 512 (order: 1, 8192 bytes, linear)
Sep 12 21:55:06 ip-172-31-40-121 kernel: TCP established hash table entries: 8192 (order: 4, 65536 bytes, linear)
Sep 12 21:55:06 ip-172-31-40-121 kernel: TCP bind hash table entries: 8192 (order: 5, 131072 bytes, linear)
Sep 12 21:55:06 ip-172-31-40-121 kernel: TCP: Hash tables configured (established 8192 bind 8192)
Sep 12 21:55:06 ip-172-31-40-121 kernel: MPTCP token hash table entries: 1024 (order: 2, 24576 bytes, linear)
Sep 12 21:55:06 ip-172-31-40-121 kernel: UDP hash table entries: 512 (order: 2, 16384 bytes, linear)
Sep 12 21:55:06 ip-172-31-40-121 kernel: UDP-Lite hash table entries: 512 (order: 2, 16384 bytes, linear)
Sep 12 21:55:06 ip-172-31-40-121 kernel: NET: Registered protocol family 1
Sep 12 21:55:06 ip-172-31-40-121 kernel: NET: Registered protocol family 44
Sep 12 21:55:06 ip-172-31-40-121 kernel: pci_bus 0000:00: resource 4 [io  0x0000-0x0cf7 window]
Sep 12 21:55:06 ip-172-31-40-121 kernel: pci_bus 0000:00: resource 5 [io  0x0d00-0xffff window]
Sep 12 21:55:06 ip-172-31-40-121 kernel: pci_bus 0000:00: resource 6 [mem 0x000a0000-0x000bffff window]
Sep 12 21:55:06 ip-172-31-40-121 kernel: pci_bus 0000:00: resource 7 [mem 0x80000000-0xfebfffff window]
Sep 12 21:55:06 ip-172-31-40-121 kernel: pci 0000:00:00.0: Limiting direct PCI/PCI transfers
Sep 12 21:55:06 ip-172-31-40-121 kernel: pci 0000:00:01.0: Activating ISA DMA hang workarounds
Sep 12 21:55:06 ip-172-31-40-121 kernel: pci 0000:00:03.0: Video device with shadowed ROM at [mem 0x000c0000-0x000dffff]
Sep 12 21:55:06 ip-172-31-40-121 kernel: PCI: CLS 0 bytes, default 64
Sep 12 21:55:06 ip-172-31-40-121 kernel: Trying to unpack rootfs image as initramfs...
Sep 12 21:55:06 ip-172-31-40-121 kernel: Freeing initrd memory: 12532K
Sep 12 21:55:06 ip-172-31-40-121 kernel: clocksource: tsc: mask: 0xffffffffffffffff max_cycles: 0x24093623c91, max_idle_ns: 440795291220 ns
Sep 12 21:55:06 ip-172-31-40-121 kernel: clocksource: Switched to clocksource tsc
Sep 12 21:55:06 ip-172-31-40-121 kernel: check: Scanning for low memory corruption every 60 seconds
Sep 12 21:55:06 ip-172-31-40-121 kernel: Initialise system trusted keyrings
Sep 12 21:55:06 ip-172-31-40-121 kernel: Key type blacklist registered
Sep 12 21:55:06 ip-172-31-40-121 kernel: workingset: timestamp_bits=36 max_order=18 bucket_order=0
Sep 12 21:55:06 ip-172-31-40-121 kernel: zbud: loaded
Sep 12 21:55:06 ip-172-31-40-121 kernel: SGI XFS with ACLs, security attributes, quota, no debug enabled
Sep 12 21:55:06 ip-172-31-40-121 kernel: Key type asymmetric registered
Sep 12 21:55:06 ip-172-31-40-121 kernel: Asymmetric key parser 'x509' registered
Sep 12 21:55:06 ip-172-31-40-121 kernel: Block layer SCSI generic (bsg) driver version 0.4 loaded (major 251)
Sep 12 21:55:06 ip-172-31-40-121 kernel: io scheduler mq-deadline registered
Sep 12 21:55:06 ip-172-31-40-121 kernel: io scheduler kyber registered
Sep 12 21:55:06 ip-172-31-40-121 kernel: io scheduler bfq registered
Sep 12 21:55:06 ip-172-31-40-121 kernel: shpchp: Standard Hot Plug PCI Controller Driver version: 0.4
Sep 12 21:55:06 ip-172-31-40-121 kernel: Serial: 8250/16550 driver, 4 ports, IRQ sharing disabled
Sep 12 21:55:06 ip-172-31-40-121 kernel: 00:04: ttyS0 at I/O 0x3f8 (irq = 4, base_baud = 115200) is a 16550A
Sep 12 21:55:06 ip-172-31-40-121 kernel: nvme nvme0: pci function 0000:00:04.0
Sep 12 21:55:06 ip-172-31-40-121 kernel: i8042: PNP: PS/2 Controller [PNP0303:KBD,PNP0f13:MOU] at 0x60,0x64 irq 1,12
Sep 12 21:55:06 ip-172-31-40-121 kernel: PCI Interrupt Link [LNKD] enabled at IRQ 11
Sep 12 21:55:06 ip-172-31-40-121 kernel: i8042: Warning: Keylock active
Sep 12 21:55:06 ip-172-31-40-121 kernel: serio: i8042 KBD port at 0x60,0x64 irq 1
Sep 12 21:55:06 ip-172-31-40-121 kernel: serio: i8042 AUX port at 0x60,0x64 irq 12
Sep 12 21:55:06 ip-172-31-40-121 kernel: rtc_cmos 00:00: RTC can wake from S4
Sep 12 21:55:06 ip-172-31-40-121 kernel: rtc_cmos 00:00: registered as rtc0
Sep 12 21:55:06 ip-172-31-40-121 kernel: nvme nvme0: 2/0/0 default/read/poll queues
Sep 12 21:55:06 ip-172-31-40-121 kernel: rtc_cmos 00:00: setting system clock to 2024-09-12T21:55:06 UTC (1726178106)
Sep 12 21:55:06 ip-172-31-40-121 kernel: rtc_cmos 00:00: alarms up to one day, 114 bytes nvram
Sep 12 21:55:06 ip-172-31-40-121 kernel: intel_pstate: CPU model not supported
Sep 12 21:55:06 ip-172-31-40-121 kernel: nvme0n1: p1 p128
Sep 12 21:55:06 ip-172-31-40-121 kernel: hid: raw HID events driver (C) Jiri Kosina
Sep 12 21:55:06 ip-172-31-40-121 kernel: NET: Registered protocol family 10
Sep 12 21:55:06 ip-172-31-40-121 kernel: Segment Routing with IPv6
Sep 12 21:55:06 ip-172-31-40-121 kernel: NET: Registered protocol family 17
Sep 12 21:55:06 ip-172-31-40-121 kernel: IPI shorthand broadcast: enabled
Sep 12 21:55:06 ip-172-31-40-121 kernel: sched_clock: Marking stable (1526337227, 670616825)->(2607336276, -410382224)
Sep 12 21:55:06 ip-172-31-40-121 kernel: registered taskstats version 1
Sep 12 21:55:06 ip-172-31-40-121 kernel: Loading compiled-in X.509 certificates
Sep 12 21:55:06 ip-172-31-40-121 kernel: Loaded X.509 cert 'Build time autogenerated kernel key: 597be48cbecac4efa5c00f2b6f072535d0621c56'
Sep 12 21:55:06 ip-172-31-40-121 kernel: zswap: loaded using pool lzo/zbud
Sep 12 21:55:06 ip-172-31-40-121 kernel: Key type .fscrypt registered
Sep 12 21:55:06 ip-172-31-40-121 kernel: Key type fscrypt-provisioning registered
Sep 12 21:55:06 ip-172-31-40-121 kernel: ima: No TPM chip found, activating TPM-bypass!
Sep 12 21:55:06 ip-172-31-40-121 kernel: ima: Allocated hash algorithm: sha1
Sep 12 21:55:06 ip-172-31-40-121 kernel: ima: No architecture policies found
Sep 12 21:55:06 ip-172-31-40-121 kernel: clk: Disabling unused clocks
Sep 12 21:55:06 ip-172-31-40-121 kernel: Freeing unused decrypted memory: 2036K
Sep 12 21:55:06 ip-172-31-40-121 kernel: Freeing unused kernel image (initmem) memory: 2468K
Sep 12 21:55:06 ip-172-31-40-121 kernel: Write protecting the kernel read-only data: 22528k
Sep 12 21:55:06 ip-172-31-40-121 kernel: Freeing unused kernel image (text/rodata gap) memory: 2032K
Sep 12 21:55:06 ip-172-31-40-121 kernel: Freeing unused kernel image (rodata/data gap) memory: 136K
Sep 12 21:55:06 ip-172-31-40-121 kernel: Run /init as init process
Sep 12 21:55:06 ip-172-31-40-121 systemd[1]: systemd 219 running in system mode. (+PAM +AUDIT +SELINUX +IMA -APPARMOR +SMACK +SYSVINIT +UTMP +LIBCRYPTSETUP +GCRYPT +GNUTLS +ACL +XZ +LZ4 -SECCOMP +BLKID +ELFUTILS +KMOD +IDN)
Sep 12 21:55:06 ip-172-31-40-121 systemd[1]: Detected virtualization amazon.
Sep 12 21:55:06 ip-172-31-40-121 systemd[1]: Detected architecture x86-64.
Sep 12 21:55:06 ip-172-31-40-121 systemd[1]: Running in initial RAM disk.
Sep 12 21:55:06 ip-172-31-40-121 systemd[1]: No hostname configured.
Sep 12 21:55:06 ip-172-31-40-121 systemd[1]: Set hostname to <localhost>.
Sep 12 21:55:06 ip-172-31-40-121 systemd[1]: Initializing machine ID from VM UUID.
Sep 12 21:55:06 ip-172-31-40-121 systemd[1]: Started Dispatch Password Requests to Console Directory Watch.
Sep 12 21:55:06 ip-172-31-40-121 systemd[1]: Reached target Paths.
Sep 12 21:55:06 ip-172-31-40-121 systemd[1]: Reached target Local File Systems.
Sep 12 21:55:06 ip-172-31-40-121 journal: Journal started
Sep 12 21:55:06 ip-172-31-40-121 systemd-udevd: starting version 219
Sep 12 21:55:06 ip-172-31-40-121 systemd-udevd: Network interface NamePolicy= disabled on kernel command line, ignoring.
Sep 12 21:55:06 ip-172-31-40-121 systemd: Started dracut pre-trigger hook.
Sep 12 21:55:06 ip-172-31-40-121 systemd: Starting udev Coldplug all Devices...
Sep 12 21:55:06 ip-172-31-40-121 systemd-udevd: Network interface NamePolicy= disabled on kernel command line, ignoring.
Sep 12 21:55:06 ip-172-31-40-121 systemd: Started udev Coldplug all Devices.
Sep 12 21:55:06 ip-172-31-40-121 systemd: Reached target System Initialization.
Sep 12 21:55:06 ip-172-31-40-121 systemd: Reached target Basic System.
Sep 12 21:55:06 ip-172-31-40-121 systemd: Starting dracut initqueue hook...
Sep 12 21:55:07 ip-172-31-40-121 kernel: input: AT Translated Set 2 keyboard as /devices/platform/i8042/serio0/input/input0
Sep 12 21:55:07 ip-172-31-40-121 systemd: Found device Amazon Elastic Block Store /.
Sep 12 21:55:07 ip-172-31-40-121 systemd: Starting File System Check on /dev/disk/by-uuid/538e4b60-2617-4d90-a786-dd6db81b435c...
Sep 12 21:55:07 ip-172-31-40-121 systemd-fsck: fsck.xfs doesn't exist, not checking file system on /dev/disk/by-uuid/538e4b60-2617-4d90-a786-dd6db81b435c
Sep 12 21:55:07 ip-172-31-40-121 systemd: Started File System Check on /dev/disk/by-uuid/538e4b60-2617-4d90-a786-dd6db81b435c.
Sep 12 21:55:07 ip-172-31-40-121 systemd: Started dracut initqueue hook.
Sep 12 21:55:07 ip-172-31-40-121 systemd: Reached target Remote File Systems (Pre).
Sep 12 21:55:07 ip-172-31-40-121 systemd: Reached target Remote File Systems.
Sep 12 21:55:07 ip-172-31-40-121 systemd: Mounting /sysroot...
Sep 12 21:55:07 ip-172-31-40-121 kernel: XFS (nvme0n1p1): Mounting V5 Filesystem
Sep 12 21:55:07 ip-172-31-40-121 kernel: XFS (nvme0n1p1): Ending clean mount
Sep 12 21:55:07 ip-172-31-40-121 systemd: Mounted /sysroot.
Sep 12 21:55:07 ip-172-31-40-121 systemd: Reached target Initrd Root File System.
Sep 12 21:55:07 ip-172-31-40-121 systemd: Starting Reload Configuration from the Real Root...
Sep 12 21:55:07 ip-172-31-40-121 systemd: Reloading.
Sep 12 21:55:07 ip-172-31-40-121 systemd: Started Reload Configuration from the Real Root.
Sep 12 21:55:07 ip-172-31-40-121 systemd: Reached target Initrd File Systems.
Sep 12 21:55:07 ip-172-31-40-121 systemd: Reached target Initrd Default Target.
Sep 12 21:55:07 ip-172-31-40-121 systemd: Starting dracut pre-pivot and cleanup hook...
Sep 12 21:55:07 ip-172-31-40-121 systemd: Started dracut pre-pivot and cleanup hook.
Sep 12 21:55:07 ip-172-31-40-121 systemd: Starting Cleaning Up and Shutting Down Daemons...
Sep 12 21:55:07 ip-172-31-40-121 systemd: Stopped target Timers.
Sep 12 21:55:07 ip-172-31-40-121 systemd: Stopped dracut pre-pivot and cleanup hook.
Sep 12 21:55:07 ip-172-31-40-121 systemd: Stopped target Initrd Default Target.
Sep 12 21:55:07 ip-172-31-40-121 systemd: Stopped target Basic System.
Sep 12 21:55:07 ip-172-31-40-121 systemd: Stopped target System Initialization.
Sep 12 21:55:07 ip-172-31-40-121 systemd: Stopped target Local File Systems.
Sep 12 21:55:07 ip-172-31-40-121 systemd: Stopped target Swap.
Sep 12 21:55:07 ip-172-31-40-121 systemd: Stopped Apply Kernel Variables.
Sep 12 21:55:07 ip-172-31-40-121 systemd: Stopped target Paths.
Sep 12 21:55:07 ip-172-31-40-121 systemd: Stopped Dispatch Password Requests to Console Directory Watch.
Sep 12 21:55:07 ip-172-31-40-121 systemd: Stopped target Remote File Systems.
Sep 12 21:55:07 ip-172-31-40-121 systemd: Stopped target Remote File Systems (Pre).
Sep 12 21:55:07 ip-172-31-40-121 systemd: Stopped dracut initqueue hook.
Sep 12 21:55:07 ip-172-31-40-121 systemd: Stopped udev Coldplug all Devices.
Sep 12 21:55:07 ip-172-31-40-121 systemd: Stopped dracut pre-trigger hook.
Sep 12 21:55:07 ip-172-31-40-121 systemd: Stopped target Sockets.
Sep 12 21:55:07 ip-172-31-40-121 systemd: Stopping udev Kernel Device Manager...
Sep 12 21:55:07 ip-172-31-40-121 systemd: Stopped target Slices.
Sep 12 21:55:07 ip-172-31-40-121 systemd: Started Cleaning Up and Shutting Down Daemons.
Sep 12 21:55:07 ip-172-31-40-121 systemd: Stopped udev Kernel Device Manager.
Sep 12 21:55:07 ip-172-31-40-121 systemd: Stopped Create Static Device Nodes in /dev.
Sep 12 21:55:07 ip-172-31-40-121 systemd: Stopped Create list of required static device nodes for the current kernel.
Sep 12 21:55:07 ip-172-31-40-121 systemd: Closed udev Control Socket.
Sep 12 21:55:07 ip-172-31-40-121 systemd: Closed udev Kernel Socket.
Sep 12 21:55:07 ip-172-31-40-121 systemd: Starting Cleanup udevd DB...
Sep 12 21:55:07 ip-172-31-40-121 systemd: Started Cleanup udevd DB.
Sep 12 21:55:07 ip-172-31-40-121 systemd: Reached target Switch Root.
Sep 12 21:55:07 ip-172-31-40-121 systemd: Starting Switch Root...
Sep 12 21:55:07 ip-172-31-40-121 systemd: Switching root.
Sep 12 21:55:07 ip-172-31-40-121 journal: Journal stopped
Sep 12 21:55:08 ip-172-31-40-121 journal: Runtime journal is using 5.8M (max allowed 46.3M, trying to leave 69.5M free of 452.2M available â†’ current limit 46.3M).
Sep 12 21:55:08 ip-172-31-40-121 systemd-journald[768]: Received SIGTERM from PID 1 (systemd).
Sep 12 21:55:08 ip-172-31-40-121 kernel: printk: systemd: 20 output lines suppressed due to ratelimiting
Sep 12 21:55:08 ip-172-31-40-121 kernel: SELinux:  Runtime disable is deprecated, use selinux=0 on the kernel cmdline.
Sep 12 21:55:08 ip-172-31-40-121 kernel: SELinux:  Disabled at runtime.
Sep 12 21:55:08 ip-172-31-40-121 kernel: audit: type=1404 audit(1726178107.815:2): enforcing=0 old_enforcing=0 auid=4294967295 ses=4294967295 enabled=0 old-enabled=1 lsm=selinux res=1
Sep 12 21:55:08 ip-172-31-40-121 journal: Journal started
Sep 12 21:55:08 ip-172-31-40-121 systemd: systemd 219 running in system mode. (+PAM +AUDIT +SELINUX +IMA -APPARMOR +SMACK +SYSVINIT +UTMP +LIBCRYPTSETUP +GCRYPT +GNUTLS +ACL +XZ +LZ4 -SECCOMP +BLKID +ELFUTILS +KMOD +IDN)
Sep 12 21:55:08 ip-172-31-40-121 systemd: Detected virtualization amazon.
Sep 12 21:55:08 ip-172-31-40-121 systemd: Detected architecture x86-64.
Sep 12 21:55:08 ip-172-31-40-121 systemd: Set hostname to <ip-172-31-12-181.us-east-2.compute.internal>.
Sep 12 21:55:08 ip-172-31-40-121 systemd: Cannot add dependency job for unit display-manager.service, ignoring: Unit not found.
Sep 12 21:55:08 ip-172-31-40-121 systemd: Started Create list of required static device nodes for the current kernel.
Sep 12 21:55:08 ip-172-31-40-121 kernel: xfs filesystem being remounted at / supports timestamps until 2038 (0x7fffffff)
Sep 12 21:55:08 ip-172-31-40-121 systemd: Started Read and set NIS domainname from /etc/sysconfig/network.
Sep 12 21:55:08 ip-172-31-40-121 systemd: Started Setup Virtual Console.
Sep 12 21:55:08 ip-172-31-40-121 systemd: Started Remount Root and Kernel File Systems.
Sep 12 21:55:08 ip-172-31-40-121 systemd: Starting Configure read-only root support...
Sep 12 21:55:08 ip-172-31-40-121 systemd: Starting udev Coldplug all Devices...
Sep 12 21:55:08 ip-172-31-40-121 systemd: Starting Relabel kernel modules early in the boot, if needed...
Sep 12 21:55:08 ip-172-31-40-121 systemd: Starting Create Static Device Nodes in /dev...
Sep 12 21:55:08 ip-172-31-40-121 systemd: Starting Flush Journal to Persistent Storage...
Sep 12 21:55:08 ip-172-31-40-121 systemd: Started LVM2 metadata daemon.
Sep 12 21:55:08 ip-172-31-40-121 systemd: Started Relabel kernel modules early in the boot, if needed.
Sep 12 21:55:08 ip-172-31-40-121 systemd: Starting Load Kernel Modules...
Sep 12 21:55:08 ip-172-31-40-121 systemd: Started Configure read-only root support.
Sep 12 21:55:08 ip-172-31-40-121 systemd: Starting Load/Save Random Seed...
Sep 12 21:55:08 ip-172-31-40-121 systemd: Started Load/Save Random Seed.
Sep 12 21:55:08 ip-172-31-40-121 systemd: Started udev Coldplug all Devices.
Sep 12 21:55:08 ip-172-31-40-121 systemd: Starting udev Wait for Complete Device Initialization...
Sep 12 21:55:08 ip-172-31-40-121 systemd: Started Flush Journal to Persistent Storage.
Sep 12 21:55:08 ip-172-31-40-121 kernel: pps_core: LinuxPPS API ver. 1 registered
Sep 12 21:55:08 ip-172-31-40-121 kernel: pps_core: Software ver. 5.3.6 - Copyright 2005-2007 Rodolfo Giometti <giometti@linux.it>
Sep 12 21:55:08 ip-172-31-40-121 kernel: PTP clock support registered
Sep 12 21:55:08 ip-172-31-40-121 systemd: Started Create Static Device Nodes in /dev.
Sep 12 21:55:08 ip-172-31-40-121 systemd: Starting udev Kernel Device Manager...
Sep 12 21:55:08 ip-172-31-40-121 kernel: ena 0000:00:05.0: Elastic Network Adapter (ENA) v2.12.3g
Sep 12 21:55:08 ip-172-31-40-121 kernel: ena 0000:00:05.0: ENA device version: 0.10
Sep 12 21:55:08 ip-172-31-40-121 kernel: ena 0000:00:05.0: ENA controller version: 0.0.1 implementation version 1
Sep 12 21:55:08 ip-172-31-40-121 kernel: ena 0000:00:05.0: LLQ is not supported Fallback to host mode policy.
Sep 12 21:55:08 ip-172-31-40-121 kernel: ena 0000:00:05.0: Elastic Network Adapter (ENA) found at mem febf4000, mac addr 0a:20:27:6b:f2:1b
Sep 12 21:55:08 ip-172-31-40-121 systemd-udevd: starting version 219
Sep 12 21:55:08 ip-172-31-40-121 systemd-udevd: Network interface NamePolicy= disabled on kernel command line, ignoring.
Sep 12 21:55:08 ip-172-31-40-121 systemd-modules-load: Inserted module 'ena'
Sep 12 21:55:08 ip-172-31-40-121 systemd: Started Load Kernel Modules.
Sep 12 21:55:08 ip-172-31-40-121 systemd: Starting Apply Kernel Variables...
Sep 12 21:55:08 ip-172-31-40-121 systemd: Started udev Kernel Device Manager.
Sep 12 21:55:08 ip-172-31-40-121 systemd: Starting Show Plymouth Boot Screen...
Sep 12 21:55:08 ip-172-31-40-121 systemd: Started Apply Kernel Variables.
Sep 12 21:55:08 ip-172-31-40-121 systemd: Found device /dev/ttyS0.
Sep 12 21:55:08 ip-172-31-40-121 kernel: input: Power Button as /devices/LNXSYSTM:00/LNXPWRBN:00/input/input3
Sep 12 21:55:08 ip-172-31-40-121 systemd: Received SIGRTMIN+20 from PID 1642 (plymouthd).
Sep 12 21:55:08 ip-172-31-40-121 systemd: Started Show Plymouth Boot Screen.
Sep 12 21:55:08 ip-172-31-40-121 systemd: Started Forward Password Requests to Plymouth Directory Watch.
Sep 12 21:55:08 ip-172-31-40-121 kernel: input: ImPS/2 Generic Wheel Mouse as /devices/platform/i8042/serio1/input/input4
Sep 12 21:55:08 ip-172-31-40-121 kernel: ACPI: Power Button [PWRF]
Sep 12 21:55:08 ip-172-31-40-121 kernel: input: Sleep Button as /devices/LNXSYSTM:00/LNXSLPBN:00/input/input5
Sep 12 21:55:08 ip-172-31-40-121 kernel: cryptd: max_cpu_qlen set to 1000
Sep 12 21:55:08 ip-172-31-40-121 kernel: ACPI: Sleep Button [SLPF]
Sep 12 21:55:08 ip-172-31-40-121 kernel: mousedev: PS/2 mouse device common for all mice
Sep 12 21:55:08 ip-172-31-40-121 kernel: AVX2 version of gcm_enc/dec engaged.
Sep 12 21:55:08 ip-172-31-40-121 kernel: AES CTR mode by8 optimization enabled
Sep 12 21:55:09 ip-172-31-40-121 systemd: Created slice system-ec2net\x2difup.slice.
Sep 12 21:55:09 ip-172-31-40-121 systemd: Starting Relabel kernel modules early in the boot, if needed...
Sep 12 21:55:09 ip-172-31-40-121 systemd: Found device Elastic Network Adapter (ENA).
Sep 12 21:55:09 ip-172-31-40-121 systemd: Started Relabel kernel modules early in the boot, if needed.
Sep 12 21:55:09 ip-172-31-40-121 systemd: Started udev Wait for Complete Device Initialization.
Sep 12 21:55:09 ip-172-31-40-121 systemd: Starting Activation of DM RAID sets...
Sep 12 21:55:09 ip-172-31-40-121 kernel: device-mapper: uevent: version 1.0.3
Sep 12 21:55:09 ip-172-31-40-121 kernel: device-mapper: ioctl: 4.43.0-ioctl (2020-10-01) initialised: dm-devel@redhat.com
Sep 12 21:55:09 ip-172-31-40-121 systemd: Started Activation of DM RAID sets.
Sep 12 21:55:09 ip-172-31-40-121 systemd: Reached target Local Encrypted Volumes.
Sep 12 21:55:09 ip-172-31-40-121 systemd: Started Monitoring of LVM2 mirrors, snapshots etc. using dmeventd or progress polling.
Sep 12 21:55:09 ip-172-31-40-121 systemd: Reached target Local File Systems (Pre).
Sep 12 21:55:09 ip-172-31-40-121 systemd: Reached target Local File Systems.
Sep 12 21:55:09 ip-172-31-40-121 systemd: Starting Preprocess NFS configuration...
Sep 12 21:55:09 ip-172-31-40-121 systemd: Starting Tell Plymouth To Write Out Runtime Data...
Sep 12 21:55:09 ip-172-31-40-121 systemd: Starting Create Volatile Files and Directories...
Sep 12 21:55:09 ip-172-31-40-121 systemd: Started Preprocess NFS configuration.
Sep 12 21:55:09 ip-172-31-40-121 systemd: Started Tell Plymouth To Write Out Runtime Data.
Sep 12 21:55:09 ip-172-31-40-121 systemd: Started Create Volatile Files and Directories.
Sep 12 21:55:09 ip-172-31-40-121 systemd: Starting Security Auditing Service...
Sep 12 21:55:09 ip-172-31-40-121 systemd: Mounting RPC Pipe File System...
Sep 12 21:55:09 ip-172-31-40-121 kernel: RPC: Registered named UNIX socket transport module.
Sep 12 21:55:09 ip-172-31-40-121 kernel: RPC: Registered udp transport module.
Sep 12 21:55:09 ip-172-31-40-121 kernel: RPC: Registered tcp transport module.
Sep 12 21:55:09 ip-172-31-40-121 kernel: RPC: Registered tcp NFSv4.1 backchannel transport module.
Sep 12 21:55:09 ip-172-31-40-121 systemd: Mounted RPC Pipe File System.
Sep 12 21:55:09 ip-172-31-40-121 systemd: Reached target rpc_pipefs.target.
Sep 12 21:55:09 ip-172-31-40-121 auditd[1775]: Started dispatcher: /sbin/audispd pid: 1777
Sep 12 21:55:09 ip-172-31-40-121 auditd[1775]: Init complete, auditd 2.8.1 listening for events (startup state enable)
Sep 12 21:55:09 ip-172-31-40-121 audispd: No plugins found, exiting
Sep 12 21:55:09 ip-172-31-40-121 augenrules: /sbin/augenrules: No change
Sep 12 21:55:09 ip-172-31-40-121 augenrules: No rules
Sep 12 21:55:09 ip-172-31-40-121 augenrules: enabled 1
Sep 12 21:55:09 ip-172-31-40-121 augenrules: failure 1
Sep 12 21:55:09 ip-172-31-40-121 augenrules: pid 1775
Sep 12 21:55:09 ip-172-31-40-121 augenrules: rate_limit 0
Sep 12 21:55:09 ip-172-31-40-121 augenrules: backlog_limit 8192
Sep 12 21:55:09 ip-172-31-40-121 augenrules: lost 0
Sep 12 21:55:09 ip-172-31-40-121 augenrules: backlog 0
Sep 12 21:55:09 ip-172-31-40-121 augenrules: backlog_wait_time 15000
Sep 12 21:55:09 ip-172-31-40-121 augenrules: enabled 1
Sep 12 21:55:09 ip-172-31-40-121 augenrules: failure 1
Sep 12 21:55:09 ip-172-31-40-121 augenrules: pid 1775
Sep 12 21:55:09 ip-172-31-40-121 augenrules: rate_limit 0
Sep 12 21:55:09 ip-172-31-40-121 augenrules: backlog_limit 8192
Sep 12 21:55:09 ip-172-31-40-121 augenrules: lost 0
Sep 12 21:55:09 ip-172-31-40-121 augenrules: backlog 1
Sep 12 21:55:09 ip-172-31-40-121 augenrules: backlog_wait_time 15000
Sep 12 21:55:09 ip-172-31-40-121 systemd: Started Security Auditing Service.
Sep 12 21:55:09 ip-172-31-40-121 systemd: Starting Update UTMP about System Boot/Shutdown...
Sep 12 21:55:09 ip-172-31-40-121 systemd: Started Update UTMP about System Boot/Shutdown.
Sep 12 21:55:09 ip-172-31-40-121 systemd: Reached target System Initialization.
Sep 12 21:55:09 ip-172-31-40-121 systemd: Listening on D-Bus System Message Bus Socket.
Sep 12 21:55:09 ip-172-31-40-121 systemd: Started Daily Cleanup of Temporary Directories.
Sep 12 21:55:09 ip-172-31-40-121 systemd: Reached target Timers.
Sep 12 21:55:09 ip-172-31-40-121 systemd: Started Flexible branding.
Sep 12 21:55:09 ip-172-31-40-121 systemd: Reached target Paths.
Sep 12 21:55:09 ip-172-31-40-121 systemd: Listening on RPCbind Server Activation Socket.
Sep 12 21:55:09 ip-172-31-40-121 systemd: Starting RPC bind service...
Sep 12 21:55:09 ip-172-31-40-121 systemd: Reached target Sockets.
Sep 12 21:55:09 ip-172-31-40-121 systemd: Reached target Basic System.
Sep 12 21:55:09 ip-172-31-40-121 systemd: Starting Initial cloud-init job (pre-networking)...
Sep 12 21:55:09 ip-172-31-40-121 systemd: Started D-Bus System Message Bus.
Sep 12 21:55:09 ip-172-31-40-121 systemd: Starting GSSAPI Proxy Daemon...
Sep 12 21:55:09 ip-172-31-40-121 systemd: Starting NTP client/server...
Sep 12 21:55:09 ip-172-31-40-121 systemd: Starting Resets System Activity Logs...
Sep 12 21:55:09 ip-172-31-40-121 systemd: Starting Hardware RNG Entropy Gatherer Wake threshold service...
Sep 12 21:55:09 ip-172-31-40-121 systemd: Starting Dump dmesg to /var/log/dmesg...
Sep 12 21:55:09 ip-172-31-40-121 kernel: xfs filesystem being remounted at /tmp supports timestamps until 2038 (0x7fffffff)
Sep 12 21:55:09 ip-172-31-40-121 kernel: xfs filesystem being remounted at /var/tmp supports timestamps until 2038 (0x7fffffff)
Sep 12 21:55:09 ip-172-31-40-121 systemd: Started irqbalance daemon.
Sep 12 21:55:09 ip-172-31-40-121 systemd: Starting Login Service...
Sep 12 21:55:09 ip-172-31-40-121 systemd: Starting ACPI Event Daemon...
Sep 12 21:55:09 ip-172-31-40-121 systemd: Started libstoragemgmt plug-in server daemon.
Sep 12 21:55:09 ip-172-31-40-121 systemd: Started RPC bind service.
Sep 12 21:55:09 ip-172-31-40-121 systemd: Started Hardware RNG Entropy Gatherer Wake threshold service.
Sep 12 21:55:09 ip-172-31-40-121 systemd: Started Dump dmesg to /var/log/dmesg.
Sep 12 21:55:09 ip-172-31-40-121 systemd: Started Hardware RNG Entropy Gatherer Daemon.
Sep 12 21:55:09 ip-172-31-40-121 systemd: Started Login Service.
Sep 12 21:55:09 ip-172-31-40-121 systemd-logind: New seat seat0.
Sep 12 21:55:09 ip-172-31-40-121 systemd: Started Resets System Activity Logs.
Sep 12 21:55:09 ip-172-31-40-121 chronyd[1821]: chronyd version 4.2 starting (+CMDMON +NTP +REFCLOCK +RTC +PRIVDROP +SCFILTER +SIGND +ASYNCDNS -NTS +SECHASH +IPV6 +DEBUG)
Sep 12 21:55:09 ip-172-31-40-121 acpid: starting up with netlink and the input layer
Sep 12 21:55:09 ip-172-31-40-121 systemd: Started ACPI Event Daemon.
Sep 12 21:55:09 ip-172-31-40-121 acpid: skipping incomplete file /etc/acpi/events/videoconf
Sep 12 21:55:09 ip-172-31-40-121 acpid: 2 rules loaded
Sep 12 21:55:09 ip-172-31-40-121 acpid: waiting for events: event logging is off
Sep 12 21:55:09 ip-172-31-40-121 chronyd[1821]: Frequency 0.569 +/- 0.312 ppm read from /var/lib/chrony/drift
Sep 12 21:55:09 ip-172-31-40-121 chronyd[1821]: Loaded seccomp filter (level 2)
Sep 12 21:55:09 ip-172-31-40-121 systemd: Started NTP client/server.
Sep 12 21:55:09 ip-172-31-40-121 systemd: Started GSSAPI Proxy Daemon.
Sep 12 21:55:09 ip-172-31-40-121 systemd: Reached target NFS client services.
Sep 12 21:55:09 ip-172-31-40-121 systemd: Reached target Remote File Systems (Pre).
Sep 12 21:55:09 ip-172-31-40-121 systemd: Reached target Remote File Systems.
Sep 12 21:55:09 ip-172-31-40-121 rngd: Disabling 5: JITTER Entropy generator (jitter)
Sep 12 21:55:09 ip-172-31-40-121 rngd: Initializing available sources
Sep 12 21:55:09 ip-172-31-40-121 rngd: Failed to init entropy source hwrng
Sep 12 21:55:09 ip-172-31-40-121 rngd: Enabling RDSEED rng support
Sep 12 21:55:09 ip-172-31-40-121 rngd: Initializing entropy source rdrand
Sep 12 21:55:10 ip-172-31-40-121 cloud-init: Cloud-init v. 19.3-46.amzn2.0.2 running 'init-local' at Thu, 12 Sep 2024 21:55:10 +0000. Up 5.62 seconds.
Sep 12 21:55:10 ip-172-31-40-121 systemd: Started Initial cloud-init job (pre-networking).
Sep 12 21:55:10 ip-172-31-40-121 systemd: Reached target Network (Pre).
Sep 12 21:55:10 ip-172-31-40-121 systemd: Starting LSB: Bring up/down networking...
Sep 12 21:55:10 ip-172-31-40-121 network: Bringing up loopback interface:  [  OK  ]
Sep 12 21:55:11 ip-172-31-40-121 network: Bringing up interface eth0:
Sep 12 21:55:11 ip-172-31-40-121 kernel: ena 0000:00:05.0 eth0: Local page cache is disabled for less than 16 channels
Sep 12 21:55:11 ip-172-31-40-121 dhclient[1979]: DHCPDISCOVER on eth0 to 255.255.255.255 port 67 interval 8 (xid=0x2b61ab1d)
Sep 12 21:55:11 ip-172-31-40-121 dhclient[1979]: DHCPREQUEST on eth0 to 255.255.255.255 port 67 (xid=0x2b61ab1d)
Sep 12 21:55:11 ip-172-31-40-121 dhclient[1979]: DHCPOFFER from 172.31.32.1
Sep 12 21:55:11 ip-172-31-40-121 dhclient[1979]: DHCPACK from 172.31.32.1 (xid=0x2b61ab1d)
Sep 12 21:55:11 ip-172-31-40-121 NET: dhclient: Locked /run/dhclient/resolv.lock
Sep 12 21:55:11 ip-172-31-40-121 NET[2038]: /usr/sbin/dhclient-script : updated /etc/resolv.conf
Sep 12 21:55:11 ip-172-31-40-121 dhclient[1979]: bound to 172.31.40.121 -- renewal in 1580 seconds.
Sep 12 21:55:11 ip-172-31-40-121 ec2net: [get_meta] Querying IMDS for meta-data/network/interfaces/macs/0a:20:27:6b:f2:1b/local-ipv4s
Sep 12 21:55:11 ip-172-31-40-121 ec2net: [get_meta] Getting token for IMDSv2.
Sep 12 21:55:11 ip-172-31-40-121 network: Determining IP information for eth0... done.
Sep 12 21:55:11 ip-172-31-40-121 ec2net: [get_meta] Trying to get http://169.254.169.254/latest/meta-data/network/interfaces/macs/0a:20:27:6b:f2:1b/local-ipv4s
Sep 12 21:55:11 ip-172-31-40-121 ec2net: [remove_aliases] Removing aliases of eth0
Sep 12 21:55:11 ip-172-31-40-121 network: Determining IPv6 information for eth0... done.
Sep 12 21:55:11 ip-172-31-40-121 network: [  OK  ]
Sep 12 21:55:11 ip-172-31-40-121 systemd: Started LSB: Bring up/down networking.
Sep 12 21:55:11 ip-172-31-40-121 systemd: Reached target Network.
Sep 12 21:55:11 ip-172-31-40-121 systemd: Starting Postfix Mail Transport Agent...
Sep 12 21:55:11 ip-172-31-40-121 systemd: Starting Initial cloud-init job (metadata service crawler)...
Sep 12 21:55:12 ip-172-31-40-121 cloud-init: Cloud-init v. 19.3-46.amzn2.0.2 running 'init' at Thu, 12 Sep 2024 21:55:11 +0000. Up 6.95 seconds.
Sep 12 21:55:12 ip-172-31-40-121 cloud-init: ci-info: ++++++++++++++++++++++++++++++++++++++Net device info+++++++++++++++++++++++++++++++++++++++
Sep 12 21:55:12 ip-172-31-40-121 cloud-init: ci-info: +--------+------+-----------------------------+---------------+--------+-------------------+
Sep 12 21:55:12 ip-172-31-40-121 cloud-init: ci-info: | Device |  Up  |           Address           |      Mask     | Scope  |     Hw-Address    |
Sep 12 21:55:12 ip-172-31-40-121 cloud-init: ci-info: +--------+------+-----------------------------+---------------+--------+-------------------+
Sep 12 21:55:12 ip-172-31-40-121 cloud-init: ci-info: |  eth0  | True |        172.31.40.121        | 255.255.240.0 | global | 0a:20:27:6b:f2:1b |
Sep 12 21:55:12 ip-172-31-40-121 cloud-init: ci-info: |  eth0  | True | fe80::820:27ff:fe6b:f21b/64 |       .       |  link  | 0a:20:27:6b:f2:1b |
Sep 12 21:55:12 ip-172-31-40-121 cloud-init: ci-info: |   lo   | True |          127.0.0.1          |   255.0.0.0   |  host  |         .         |
Sep 12 21:55:12 ip-172-31-40-121 cloud-init: ci-info: |   lo   | True |           ::1/128           |       .       |  host  |         .         |
Sep 12 21:55:12 ip-172-31-40-121 cloud-init: ci-info: +--------+------+-----------------------------+---------------+--------+-------------------+
Sep 12 21:55:12 ip-172-31-40-121 cloud-init: ci-info: ++++++++++++++++++++++++++++++++Route IPv4 info++++++++++++++++++++++++++++++++
Sep 12 21:55:12 ip-172-31-40-121 cloud-init: ci-info: +-------+-----------------+-------------+-----------------+-----------+-------+
Sep 12 21:55:12 ip-172-31-40-121 cloud-init: ci-info: | Route |   Destination   |   Gateway   |     Genmask     | Interface | Flags |
Sep 12 21:55:12 ip-172-31-40-121 cloud-init: ci-info: +-------+-----------------+-------------+-----------------+-----------+-------+
Sep 12 21:55:12 ip-172-31-40-121 cloud-init: ci-info: |   0   |     0.0.0.0     | 172.31.32.1 |     0.0.0.0     |    eth0   |   UG  |
Sep 12 21:55:12 ip-172-31-40-121 cloud-init: ci-info: |   1   | 169.254.169.254 |   0.0.0.0   | 255.255.255.255 |    eth0   |   UH  |
Sep 12 21:55:12 ip-172-31-40-121 cloud-init: ci-info: |   2   |   172.31.32.0   |   0.0.0.0   |  255.255.240.0  |    eth0   |   U   |
Sep 12 21:55:12 ip-172-31-40-121 cloud-init: ci-info: +-------+-----------------+-------------+-----------------+-----------+-------+
Sep 12 21:55:12 ip-172-31-40-121 cloud-init: ci-info: +++++++++++++++++++Route IPv6 info+++++++++++++++++++
Sep 12 21:55:12 ip-172-31-40-121 cloud-init: ci-info: +-------+-------------+---------+-----------+-------+
Sep 12 21:55:12 ip-172-31-40-121 cloud-init: ci-info: | Route | Destination | Gateway | Interface | Flags |
Sep 12 21:55:12 ip-172-31-40-121 cloud-init: ci-info: +-------+-------------+---------+-----------+-------+
Sep 12 21:55:12 ip-172-31-40-121 cloud-init: ci-info: |   9   |  fe80::/64  |    ::   |    eth0   |   U   |
Sep 12 21:55:12 ip-172-31-40-121 cloud-init: ci-info: |   11  |    local    |    ::   |    eth0   |   U   |
Sep 12 21:55:12 ip-172-31-40-121 cloud-init: ci-info: |   12  |  multicast  |    ::   |    eth0   |   U   |
Sep 12 21:55:12 ip-172-31-40-121 cloud-init: ci-info: +-------+-------------+---------+-----------+-------+
Sep 12 21:55:12 ip-172-31-40-121 dhclient[2101]: XMT: Solicit on eth0, interval 1070ms.
Sep 12 21:55:12 ip-172-31-40-121 systemd: Started Postfix Mail Transport Agent.
Sep 12 21:55:12 ip-172-31-40-121 dbus[1800]: [system] Activating via systemd: service name='org.freedesktop.hostname1' unit='dbus-org.freedesktop.hostname1.service'
Sep 12 21:55:12 ip-172-31-40-121 systemd: Starting Hostname Service...
Sep 12 21:55:12 ip-172-31-40-121 kernel: xfs filesystem being remounted at /tmp supports timestamps until 2038 (0x7fffffff)
Sep 12 21:55:12 ip-172-31-40-121 kernel: xfs filesystem being remounted at /var/tmp supports timestamps until 2038 (0x7fffffff)
Sep 12 21:55:12 ip-172-31-40-121 dbus[1800]: [system] Successfully activated service 'org.freedesktop.hostname1'
Sep 12 21:55:12 ip-172-31-40-121 systemd: Started Hostname Service.
Sep 12 21:55:12 ip-172-31-40-121 systemd-hostnamed: Changed static host name to 'ip-172-31-40-121.us-east-2.compute.internal'
Sep 12 21:55:12 ip-172-31-40-121 systemd-hostnamed: Changed host name to 'ip-172-31-40-121.us-east-2.compute.internal'
Sep 12 21:55:13 ip-172-31-40-121 systemd: Started Initial cloud-init job (metadata service crawler).
Sep 12 21:55:13 ip-172-31-40-121 systemd: Starting OpenSSH Server Key Generation...
Sep 12 21:55:13 ip-172-31-40-121 systemd: Reached target Cloud-config availability.
Sep 12 21:55:13 ip-172-31-40-121 systemd: Starting Permit User Sessions...
Sep 12 21:55:13 ip-172-31-40-121 systemd: Reached target Network is Online.
Sep 12 21:55:13 ip-172-31-40-121 systemd: Starting Finds and configures elastic network interfaces...
Sep 12 21:55:13 ip-172-31-40-121 systemd: Started amazon-ssm-agent.
Sep 12 21:55:13 ip-172-31-40-121 systemd: Starting Notify NFS peers of a restart...
Sep 12 21:55:13 ip-172-31-40-121 systemd: Starting Dynamically Generate Message Of The Day...
Sep 12 21:55:13 ip-172-31-40-121 systemd: Starting Apply the settings specified in cloud-config...
Sep 12 21:55:13 ip-172-31-40-121 systemd: Starting System Logging Service...
Sep 12 21:55:13 ip-172-31-40-121 systemd: Started Permit User Sessions.
Sep 12 21:55:13 ip-172-31-40-121 systemd: Started Job spooling tools.
Sep 12 21:55:13 ip-172-31-40-121 systemd: Starting Terminate Plymouth Boot Screen...
Sep 12 21:55:13 ip-172-31-40-121 systemd: Starting Wait for Plymouth Boot Screen to Quit...
Sep 12 21:55:13 ip-172-31-40-121 systemd: Started Command Scheduler.
Sep 12 21:55:13 ip-172-31-40-121 ec2net: [ec2ifscan] Scanning for unconfigured interfaces
Sep 12 21:55:13 ip-172-31-40-121 sm-notify[2299]: Version 1.3.0 starting
Sep 12 21:55:13 ip-172-31-40-121 systemd: Started Notify NFS peers of a restart.
Sep 12 21:55:13 ip-172-31-40-121 systemd: Started Finds and configures elastic network interfaces.
Sep 12 21:55:13 ip-172-31-40-121 rsyslogd: [origin software="rsyslogd" swVersion="8.24.0-57.amzn2.2.0.2" x-pid="2302" x-info="http://www.rsyslog.com"] start
Sep 12 21:55:13 ip-172-31-40-121 systemd: Started System Logging Service.
Sep 12 21:55:13 ip-172-31-40-121 systemd: Started Dynamically Generate Message Of The Day.
Sep 12 21:55:13 ip-172-31-40-121 amazon-ssm-agent: Error occurred fetching the seelog config file path:  open /etc/amazon/ssm/seelog.xml: no such file or directory
Sep 12 21:55:13 ip-172-31-40-121 amazon-ssm-agent: Initializing new seelog logger
Sep 12 21:55:13 ip-172-31-40-121 amazon-ssm-agent: New Seelog Logger Creation Complete
Sep 12 21:55:13 ip-172-31-40-121 systemd: Received SIGRTMIN+21 from PID 1642 (plymouthd).
Sep 12 21:55:13 ip-172-31-40-121 amazon-ssm-agent: 2024-09-12 21:55:13 INFO Proxy environment variables:
Sep 12 21:55:13 ip-172-31-40-121 systemd: Started Terminate Plymouth Boot Screen.
Sep 12 21:55:13 ip-172-31-40-121 systemd: Started Wait for Plymouth Boot Screen to Quit.
Sep 12 21:55:13 ip-172-31-40-121 systemd: Started Serial Getty on ttyS0.
Sep 12 21:55:13 ip-172-31-40-121 systemd: Started Getty on tty1.
Sep 12 21:55:13 ip-172-31-40-121 systemd: Reached target Login Prompts.
Sep 12 21:55:13 ip-172-31-40-121 dhclient[2101]: XMT: Solicit on eth0, interval 2140ms.
Sep 12 21:55:13 ip-172-31-40-121 amazon-ssm-agent: 2024-09-12 21:55:13 INFO https_proxy:
Sep 12 21:55:13 ip-172-31-40-121 sshd-keygen: Generating SSH2 RSA host key: [  OK  ]
Sep 12 21:55:13 ip-172-31-40-121 amazon-ssm-agent: 2024-09-12 21:55:13 INFO http_proxy:
Sep 12 21:55:13 ip-172-31-40-121 sshd-keygen: Generating SSH2 ECDSA host key: [  OK  ]
Sep 12 21:55:13 ip-172-31-40-121 sshd-keygen: Generating SSH2 ED25519 host key: [  OK  ]
Sep 12 21:55:13 ip-172-31-40-121 systemd: Started OpenSSH Server Key Generation.
Sep 12 21:55:13 ip-172-31-40-121 systemd: Starting OpenSSH server daemon...
Sep 12 21:55:13 ip-172-31-40-121 systemd: Started OpenSSH server daemon.
Sep 12 21:55:13 ip-172-31-40-121 amazon-ssm-agent: 2024-09-12 21:55:13 INFO no_proxy:
Sep 12 21:55:13 ip-172-31-40-121 amazon-ssm-agent: 2024-09-12 21:55:13 INFO Checking if agent identity type OnPrem can be assumed
Sep 12 21:55:13 ip-172-31-40-121 amazon-ssm-agent: 2024-09-12 21:55:13 INFO Checking if agent identity type EC2 can be assumed
Sep 12 21:55:13 ip-172-31-40-121 amazon-ssm-agent: 2024-09-12 21:55:13 INFO Agent will take identity from EC2
Sep 12 21:55:14 ip-172-31-40-121 cloud-init: Cloud-init v. 19.3-46.amzn2.0.2 running 'modules:config' at Thu, 12 Sep 2024 21:55:13 +0000. Up 8.90 seconds.
Sep 12 21:55:14 ip-172-31-40-121 amazon-ssm-agent: 2024-09-12 21:55:13 INFO [amazon-ssm-agent] using named pipe channel for IPC
Sep 12 21:55:14 ip-172-31-40-121 systemd: Started Apply the settings specified in cloud-config.
Sep 12 21:55:14 ip-172-31-40-121 systemd: Starting Execute cloud user/final scripts...
Sep 12 21:55:14 ip-172-31-40-121 systemd: Starting Initial hibernation setup job...
Sep 12 21:55:14 ip-172-31-40-121 amazon-ssm-agent: 2024-09-12 21:55:13 INFO [amazon-ssm-agent] using named pipe channel for IPC
Sep 12 21:55:14 ip-172-31-40-121 amazon-ssm-agent: 2024-09-12 21:55:13 INFO [amazon-ssm-agent] using named pipe channel for IPC
Sep 12 21:55:14 ip-172-31-40-121 hibinit-agent: Effective config: {'grub_update': True, 'swap_percentage': 100, 'state_dir': '/var/lib/hibinit-agent', 'log_to_syslog': True, 'touch_swap': False, 'swap_mb': 4000, 'swapoff': 'swapoff {swapfile}', 'mkswap': 'mkswap {swapfile}', 'swapon': 'swapon {swapfile}', 'btrfs_enabled': False}
Sep 12 21:55:14 ip-172-31-40-121 hibinit-agent: Requesting new IMDSv2 token.
Sep 12 21:55:14 ip-172-31-40-121 hibinit-agent: Instance Launch has not enabled Hibernation Configured Flag. hibinit-agent exiting!!
Sep 12 21:55:14 ip-172-31-40-121 amazon-ssm-agent: 2024-09-12 21:55:13 INFO [amazon-ssm-agent] amazon-ssm-agent - v3.3.380.0
Sep 12 21:55:14 ip-172-31-40-121 systemd: Started Initial hibernation setup job.
Sep 12 21:55:14 ip-172-31-40-121 systemd: Reached target Multi-User System.
Sep 12 21:55:14 ip-172-31-40-121 systemd: Reached target aws-eb.target.
Sep 12 21:55:14 ip-172-31-40-121 systemd: Reached target Graphical Interface.
Sep 12 21:55:14 ip-172-31-40-121 systemd: Starting Update UTMP about System Runlevel Changes...
Sep 12 21:55:14 ip-172-31-40-121 systemd: Started Update UTMP about System Runlevel Changes.
Sep 12 21:55:14 ip-172-31-40-121 amazon-ssm-agent: 2024-09-12 21:55:13 INFO [amazon-ssm-agent] OS: linux, Arch: amd64
Sep 12 21:55:14 ip-172-31-40-121 amazon-ssm-agent: 2024-09-12 21:55:13 INFO [amazon-ssm-agent] Starting Core Agent
Sep 12 21:55:14 ip-172-31-40-121 amazon-ssm-agent: 2024-09-12 21:55:13 INFO [amazon-ssm-agent] Registrar detected. Attempting registration
Sep 12 21:55:14 ip-172-31-40-121 cloud-init: Cloud-init v. 19.3-46.amzn2.0.2 running 'modules:final' at Thu, 12 Sep 2024 21:55:14 +0000. Up 9.54 seconds.
Sep 12 21:55:14 ip-172-31-40-121 [eb-cfn-init]: [2024-09-12T21:55:14Z] Started EB User Data
Sep 12 21:55:14 ip-172-31-40-121 [eb-cfn-init]: + SLEEP_TIME=2
Sep 12 21:55:14 ip-172-31-40-121 [eb-cfn-init]: + SLEEP_TIME_MAX=3600
Sep 12 21:55:14 ip-172-31-40-121 [eb-cfn-init]: + true
Sep 12 21:55:14 ip-172-31-40-121 [eb-cfn-init]: + curl https://elasticbeanstalk-platform-assets-us-east-2.s3.us-east-2.amazonaws.com/stalks/eb_python38_amazon_linux_2_1.0.4336.0_20240814212109/lib/UserDataScript.sh
Sep 12 21:55:14 ip-172-31-40-121 [eb-cfn-init]:  % Total    % Received % Xferd  Average Speed   Time    Time     Time  Current
Sep 12 21:55:14 ip-172-31-40-121 [eb-cfn-init]:                                 Dload  Upload   Total   Spent    Left  Speed
Sep 12 21:55:14 ip-172-31-40-121 amazon-ssm-agent: 2024-09-12 21:55:13 INFO [Registrar] Starting registrar module
Sep 12 21:55:14 ip-172-31-40-121 [eb-cfn-init]: #015  0     0    0     0    0     0      0      0 --:--:-- --:--:-- --:--:--     0#015100  4627  100  4627    0     0  69832      0 --:--:-- --:--:-- --:--:-- 70106
Sep 12 21:55:14 ip-172-31-40-121 [eb-cfn-init]: + RESULT=0
Sep 12 21:55:14 ip-172-31-40-121 [eb-cfn-init]: + [[ 0 -ne 0 ]]
Sep 12 21:55:14 ip-172-31-40-121 [eb-cfn-init]: + /bin/bash /tmp/ebbootstrap.sh 'https://cloudformation-waitcondition-us-east-2.s3.us-east-2.amazonaws.com/arn%3Aaws%3Acloudformation%3Aus-east-2%3A640168434762%3Astack/awseb-e-j8pht2gwki-stack/9695e3f0-7151-11ef-b46e-0a3e818036cb/969854f0-7151-11ef-b46e-0a3e818036cb/AWSEBInstanceLaunchWaitHandle?X-Amz-Algorithm=AWS4-HMAC-SHA256&X-Amz-Date=20240912T215433Z&X-Amz-SignedHeaders=host&X-Amz-Expires=86399&X-Amz-Credential=AKIAVRFIPK6PEIG2DZWK%2F20240912%2Fus-east-2%2Fs3%2Faws4_request&X-Amz-Signature=aa8b0d0f28003790b8b29b57a1f78dabdb56cb4f683fefdf4c003651417f05fa' arn:aws:cloudformation:us-east-2:640168434762:stack/awseb-e-j8pht2gwki-stack/9695e3f0-7151-11ef-b46e-0a3e818036cb a43b2ed2-d112-42ac-aee1-4f67ded3937f https://elasticbeanstalk-health.us-east-2.amazonaws.com '' https://elasticbeanstalk-platform-assets-us-east-2.s3.us-east-2.amazonaws.com/stalks/eb_python38_amazon_linux_2_1.0.4336.0_20240814212109 us-east-2
Sep 12 21:55:14 ip-172-31-40-121 [eb-cfn-init]: [2024-09-12T21:55:14.765Z] Started EB Bootstrapping Script.
Sep 12 21:55:14 ip-172-31-40-121 [eb-cfn-init]: [2024-09-12T21:55:14.768Z] Received parameters:
Sep 12 21:55:14 ip-172-31-40-121 [eb-cfn-init]: TARBALLS =
Sep 12 21:55:14 ip-172-31-40-121 [eb-cfn-init]: EB_GEMS =
Sep 12 21:55:14 ip-172-31-40-121 [eb-cfn-init]: SIGNAL_URL = https://cloudformation-waitcondition-us-east-2.s3.us-east-2.amazonaws.com/arn%3Aaws%3Acloudformation%3Aus-east-2%3A640168434762%3Astack/awseb-e-j8pht2gwki-stack/9695e3f0-7151-11ef-b46e-0a3e818036cb/969854f0-7151-11ef-b46e-0a3e818036cb/AWSEBInstanceLaunchWaitHandle?X-Amz-Algorithm=AWS4-HMAC-SHA256&X-Amz-Date=20240912T215433Z&X-Amz-SignedHeaders=host&X-Amz-Expires=86399&X-Amz-Credential=AKIAVRFIPK6PEIG2DZWK%2F20240912%2Fus-east-2%2Fs3%2Faws4_request&X-Amz-Signature=aa8b0d0f28003790b8b29b57a1f78dabdb56cb4f683fefdf4c003651417f05fa
Sep 12 21:55:14 ip-172-31-40-121 [eb-cfn-init]: STACK_ID = arn:aws:cloudformation:us-east-2:640168434762:stack/awseb-e-j8pht2gwki-stack/9695e3f0-7151-11ef-b46e-0a3e818036cb
Sep 12 21:55:14 ip-172-31-40-121 [eb-cfn-init]: REGION = us-east-2
Sep 12 21:55:14 ip-172-31-40-121 [eb-cfn-init]: GUID =
Sep 12 21:55:14 ip-172-31-40-121 [eb-cfn-init]: HEALTHD_GROUP_ID = a43b2ed2-d112-42ac-aee1-4f67ded3937f
Sep 12 21:55:14 ip-172-31-40-121 [eb-cfn-init]: HEALTHD_ENDPOINT = https://elasticbeanstalk-health.us-east-2.amazonaws.com
Sep 12 21:55:14 ip-172-31-40-121 [eb-cfn-init]: PROXY_SERVER =
Sep 12 21:55:14 ip-172-31-40-121 [eb-cfn-init]: HEALTHD_PROXY_LOG_LOCATION =
Sep 12 21:55:14 ip-172-31-40-121 [eb-cfn-init]: PLATFORM_ASSETS_URL = https://elasticbeanstalk-platform-assets-us-east-2.s3.us-east-2.amazonaws.com/stalks/eb_python38_amazon_linux_2_1.0.4336.0_20240814212109
Sep 12 21:55:14 ip-172-31-40-121 [eb-cfn-init]: [2024-09-12T21:55:14.775Z] engine url is set to https://elasticbeanstalk-platform-assets-us-east-2.s3.us-east-2.amazonaws.com/stalks/eb_python38_amazon_linux_2_1.0.4336.0_20240814212109/lib/platform-engine.zip
Sep 12 21:55:14 ip-172-31-40-121 [eb-cfn-init]: [2024-09-12T21:55:14.788Z] first init of instance.
Sep 12 21:55:14 ip-172-31-40-121 [eb-cfn-init]: [2024-09-12T21:55:14.798Z] Started executing cfn_init _OnInstanceBoot.
Sep 12 21:55:14 ip-172-31-40-121 [eb-cfn-init]: [2024-09-12T21:55:14.806Z] Running cfn-init ConfigSet: _OnInstanceBoot.
Sep 12 21:55:14 ip-172-31-40-121 [eb-cfn-init]: [2024-09-12T21:55:14.816Z] Using stack-id from userdata
Sep 12 21:55:14 ip-172-31-40-121 amazon-ssm-agent: 2024-09-12 21:55:13 INFO [EC2Identity] Checking disk for registration info
Sep 12 21:55:14 ip-172-31-40-121 amazon-ssm-agent: 2024-09-12 21:55:13 INFO [EC2Identity] No registration info found for ec2 instance, attempting registration
Sep 12 21:55:15 ip-172-31-40-121 amazon-ssm-agent: 2024-09-12 21:55:13 INFO [EC2Identity] Found registration keys
Sep 12 21:55:15 ip-172-31-40-121 amazon-ssm-agent: 2024-09-12 21:55:13 INFO [EC2Identity] Checking write access before registering
Sep 12 21:55:15 ip-172-31-40-121 amazon-ssm-agent: 2024-09-12 21:55:13 INFO [EC2Identity] Registering EC2 instance with Systems Manager
Sep 12 21:55:15 ip-172-31-40-121 amazon-ssm-agent: 2024-09-12 21:55:13 INFO [EC2Identity] EC2 registration was successful.
Sep 12 21:55:15 ip-172-31-40-121 amazon-ssm-agent: 2024-09-12 21:55:13 INFO [amazon-ssm-agent] Registration attempted. Resuming core agent startup.
Sep 12 21:55:15 ip-172-31-40-121 dhclient[2101]: XMT: Solicit on eth0, interval 4440ms.
Sep 12 21:55:15 ip-172-31-40-121 amazon-ssm-agent: 2024-09-12 21:55:13 INFO [CredentialRefresher] credentialRefresher has started
Sep 12 21:55:15 ip-172-31-40-121 amazon-ssm-agent: 2024-09-12 21:55:13 INFO [CredentialRefresher] Starting credentials refresher loop
Sep 12 21:55:15 ip-172-31-40-121 amazon-ssm-agent: 2024-09-12 21:55:13 WARN EC2RoleProvider Failed to connect to Systems Manager with instance profile role credentials. Err: retrieved credentials failed to report to ssm. RequestId: 8d295eff-16b4-4d1b-adb4-44c75b402c94 Error: AccessDeniedException: User: arn:aws:sts::640168434762:assumed-role/aws-elasticbeanstalk-ec2-role/i-0c470a69b4093c25a is not authorized to perform: ssm:UpdateInstanceInformation on resource: arn:aws:ec2:us-east-2:640168434762:instance/i-0c470a69b4093c25a because no identity-based policy allows the ssm:UpdateInstanceInformation action
Sep 12 21:55:15 ip-172-31-40-121 amazon-ssm-agent: status code: 400, request id: 8d295eff-16b4-4d1b-adb4-44c75b402c94
Sep 12 21:55:15 ip-172-31-40-121 [eb-cfn-init]: [2024-09-12T21:55:15.757Z] Command Returned:
Sep 12 21:55:15 ip-172-31-40-121 [eb-cfn-init]: [2024-09-12T21:55:15.760Z] Completed executing cfn_init.
Sep 12 21:55:15 ip-172-31-40-121 [eb-cfn-init]: [2024-09-12T21:55:15.762Z] finished _OnInstanceBoot
Sep 12 21:55:15 ip-172-31-40-121 [eb-cfn-init]: --2024-09-12 21:55:15--  https://elasticbeanstalk-platform-assets-us-east-2.s3.us-east-2.amazonaws.com/stalks/eb_python38_amazon_linux_2_1.0.4336.0_20240814212109/lib/platform-engine.zip
Sep 12 21:55:15 ip-172-31-40-121 [eb-cfn-init]: Resolving elasticbeanstalk-platform-assets-us-east-2.s3.us-east-2.amazonaws.com (elasticbeanstalk-platform-assets-us-east-2.s3.us-east-2.amazonaws.com)... 3.5.129.104, 3.5.131.124, 3.5.132.113, ...
Sep 12 21:55:15 ip-172-31-40-121 [eb-cfn-init]: Connecting to elasticbeanstalk-platform-assets-us-east-2.s3.us-east-2.amazonaws.com (elasticbeanstalk-platform-assets-us-east-2.s3.us-east-2.amazonaws.com)|3.5.129.104|:443... connected.
Sep 12 21:55:15 ip-172-31-40-121 amazon-ssm-agent: 2024-09-12 21:55:13 ERROR EC2RoleProvider Failed to connect to Systems Manager with SSM role credentials. error calling RequestManagedInstanceRoleToken: AccessDeniedException: Systems Manager's instance management role is not configured for account: 640168434762
Sep 12 21:55:15 ip-172-31-40-121 amazon-ssm-agent: status code: 400, request id: 04167fb7-a952-42c4-8636-0376da0e10f1
Sep 12 21:55:15 ip-172-31-40-121 [eb-cfn-init]: HTTP request sent, awaiting response... 200 OK
Sep 12 21:55:15 ip-172-31-40-121 [eb-cfn-init]: Length: 26698153 (25M) [application/zip]
Sep 12 21:55:15 ip-172-31-40-121 [eb-cfn-init]: Saving to: â€˜/tmp/platform-engine.zipâ€™
Sep 12 21:55:15 ip-172-31-40-121 [eb-cfn-init]: 
Sep 12 21:55:15 ip-172-31-40-121 [eb-cfn-init]:     0K .......... .......... .......... .......... ..........  0% 9.05M 3s
Sep 12 21:55:15 ip-172-31-40-121 [eb-cfn-init]:    50K .......... .......... .......... .......... ..........  0% 14.5M 2s
Sep 12 21:55:15 ip-172-31-40-121 [eb-cfn-init]:   100K .......... .......... .......... .......... ..........  0% 23.0M 2s
Sep 12 21:55:15 ip-172-31-40-121 [eb-cfn-init]:   150K .......... .......... .......... .......... ..........  0% 24.4M 2s
Sep 12 21:55:15 ip-172-31-40-121 [eb-cfn-init]:   200K .......... .......... .......... .......... ..........  0% 60.0M 1s
Sep 12 21:55:15 ip-172-31-40-121 [eb-cfn-init]:   250K .......... .......... .......... .......... ..........  1% 87.2M 1s
Sep 12 21:55:15 ip-172-31-40-121 [eb-cfn-init]:   300K .......... .......... .......... .......... ..........  1% 58.1M 1s
Sep 12 21:55:15 ip-172-31-40-121 [eb-cfn-init]:   350K .......... .......... .......... .......... ..........  1% 46.7M 1s
Sep 12 21:55:15 ip-172-31-40-121 [eb-cfn-init]:   400K .......... .......... .......... .......... ..........  1% 78.3M 1s
Sep 12 21:55:15 ip-172-31-40-121 [eb-cfn-init]:   450K .......... .......... .......... .......... ..........  1% 51.3M 1s
Sep 12 21:55:15 ip-172-31-40-121 [eb-cfn-init]:   500K .......... .......... .......... .......... ..........  2% 97.8M 1s
Sep 12 21:55:15 ip-172-31-40-121 [eb-cfn-init]:   550K .......... .......... .......... .......... ..........  2% 57.2M 1s
Sep 12 21:55:15 ip-172-31-40-121 [eb-cfn-init]:   600K .......... .......... .......... .......... ..........  2% 61.6M 1s
Sep 12 21:55:15 ip-172-31-40-121 [eb-cfn-init]:   650K .......... .......... .......... .......... ..........  2% 85.6M 1s
Sep 12 21:55:15 ip-172-31-40-121 [eb-cfn-init]:   700K .......... .......... .......... .......... ..........  2% 66.1M 1s
Sep 12 21:55:15 ip-172-31-40-121 [eb-cfn-init]:   750K .......... .......... .......... .......... ..........  3% 49.1M 1s
Sep 12 21:55:15 ip-172-31-40-121 [eb-cfn-init]:   800K .......... .......... .......... .......... ..........  3% 95.0M 1s
Sep 12 21:55:15 ip-172-31-40-121 [eb-cfn-init]:   850K .......... .......... .......... .......... ..........  3% 80.4M 1s
Sep 12 21:55:15 ip-172-31-40-121 [eb-cfn-init]:   900K .......... .......... .......... .......... ..........  3% 50.0M 1s
Sep 12 21:55:15 ip-172-31-40-121 [eb-cfn-init]:   950K .......... .......... .......... .......... ..........  3% 71.8M 1s
Sep 12 21:55:15 ip-172-31-40-121 [eb-cfn-init]:  1000K .......... .......... .......... .......... ..........  4% 82.4M 1s
Sep 12 21:55:15 ip-172-31-40-121 [eb-cfn-init]:  1050K .......... .......... .......... .......... ..........  4% 57.6M 1s
Sep 12 21:55:15 ip-172-31-40-121 [eb-cfn-init]:  1100K .......... .......... .......... .......... ..........  4%  104M 1s
Sep 12 21:55:15 ip-172-31-40-121 [eb-cfn-init]:  1150K .......... .......... .......... .......... ..........  4% 35.5M 1s
Sep 12 21:55:15 ip-172-31-40-121 [eb-cfn-init]:  1200K .......... .......... .......... .......... ..........  4% 71.7M 1s
Sep 12 21:55:15 ip-172-31-40-121 [eb-cfn-init]:  1250K .......... .......... .......... .......... ..........  4% 69.9M 1s
Sep 12 21:55:15 ip-172-31-40-121 [eb-cfn-init]:  1300K .......... .......... .......... .......... ..........  5% 92.2M 1s
Sep 12 21:55:15 ip-172-31-40-121 [eb-cfn-init]:  1350K .......... .......... .......... .......... ..........  5% 81.8M 1s
Sep 12 21:55:15 ip-172-31-40-121 [eb-cfn-init]:  1400K .......... .......... .......... .......... ..........  5% 55.8M 1s
Sep 12 21:55:15 ip-172-31-40-121 [eb-cfn-init]:  1450K .......... .......... .......... .......... ..........  5% 46.7M 1s
Sep 12 21:55:15 ip-172-31-40-121 [eb-cfn-init]:  1500K .......... .......... .......... .......... ..........  5% 26.7M 1s
Sep 12 21:55:15 ip-172-31-40-121 [eb-cfn-init]:  1550K .......... .......... .......... .......... ..........  6% 84.6M 1s
Sep 12 21:55:15 ip-172-31-40-121 [eb-cfn-init]:  1600K .......... .......... .......... .......... ..........  6% 83.2M 1s
Sep 12 21:55:15 ip-172-31-40-121 [eb-cfn-init]:  1650K .......... .......... .......... .......... ..........  6% 45.7M 1s
Sep 12 21:55:15 ip-172-31-40-121 [eb-cfn-init]:  1700K .......... .......... .......... .......... ..........  6% 62.7M 1s
Sep 12 21:55:15 ip-172-31-40-121 [eb-cfn-init]:  1750K .......... .......... .......... .......... ..........  6% 86.8M 1s
Sep 12 21:55:15 ip-172-31-40-121 [eb-cfn-init]:  1800K .......... .......... .......... .......... ..........  7% 48.3M 1s
Sep 12 21:55:15 ip-172-31-40-121 [eb-cfn-init]:  1850K .......... .......... .......... .......... ..........  7% 80.6M 1s
Sep 12 21:55:15 ip-172-31-40-121 [eb-cfn-init]:  1900K .......... .......... .......... .......... ..........  7% 75.1M 0s
Sep 12 21:55:15 ip-172-31-40-121 [eb-cfn-init]:  1950K .......... .......... .......... .......... ..........  7% 42.0M 0s
Sep 12 21:55:15 ip-172-31-40-121 amazon-ssm-agent: 2024-09-12 21:55:13 ERROR [CredentialRefresher] Retrieve credentials produced error: no valid credentials could be retrieved for ec2 identity. Default Host Management Err: error calling RequestManagedInstanceRoleToken: AccessDeniedException: Systems Manager's instance management role is not configured for account: 640168434762
Sep 12 21:55:15 ip-172-31-40-121 amazon-ssm-agent: status code: 400, request id: 04167fb7-a952-42c4-8636-0376da0e10f1
Sep 12 21:55:15 ip-172-31-40-121 [eb-cfn-init]:  2000K .......... .......... .......... .......... ..........  7% 63.9M 0s
Sep 12 21:55:15 ip-172-31-40-121 [eb-cfn-init]:  2050K .......... .......... .......... .......... ..........  8% 66.5M 0s
Sep 12 21:55:15 ip-172-31-40-121 [eb-cfn-init]:  2100K .......... .......... .......... .......... ..........  8% 46.6M 0s
Sep 12 21:55:15 ip-172-31-40-121 [eb-cfn-init]:  2150K .......... .......... .......... .......... ..........  8% 77.5M 0s
Sep 12 21:55:15 ip-172-31-40-121 [eb-cfn-init]:  2200K .......... .......... .......... .......... ..........  8% 20.4M 0s
Sep 12 21:55:15 ip-172-31-40-121 chronyd[1821]: Selected source 169.254.169.123
Sep 12 21:55:15 ip-172-31-40-121 [eb-cfn-init]:  2250K .......... .......... .......... .......... ..........  8% 81.6M 0s
Sep 12 21:55:15 ip-172-31-40-121 [eb-cfn-init]:  2300K .......... .......... .......... .......... ..........  9% 77.0M 0s
Sep 12 21:55:15 ip-172-31-40-121 [eb-cfn-init]:  2350K .......... .......... .......... .......... ..........  9% 71.0M 0s
Sep 12 21:55:15 ip-172-31-40-121 [eb-cfn-init]:  2400K .......... .......... .......... .......... ..........  9% 67.3M 0s
Sep 12 21:55:15 ip-172-31-40-121 [eb-cfn-init]:  2450K .......... .......... .......... .......... ..........  9% 44.2M 0s
Sep 12 21:55:15 ip-172-31-40-121 [eb-cfn-init]:  2500K .......... .......... .......... .......... ..........  9% 71.2M 0s
Sep 12 21:55:15 ip-172-31-40-121 [eb-cfn-init]:  2550K .......... .......... .......... .......... ..........  9% 77.7M 0s
Sep 12 21:55:15 ip-172-31-40-121 [eb-cfn-init]:  2600K .......... .......... .......... .......... .......... 10% 84.2M 0s
Sep 12 21:55:15 ip-172-31-40-121 [eb-cfn-init]:  2650K .......... .......... .......... .......... .......... 10% 75.8M 0s
Sep 12 21:55:15 ip-172-31-40-121 [eb-cfn-init]:  2700K .......... .......... .......... .......... .......... 10% 55.6M 0s
Sep 12 21:55:15 ip-172-31-40-121 [eb-cfn-init]:  2750K .......... .......... .......... .......... .......... 10% 93.2M 0s
Sep 12 21:55:15 ip-172-31-40-121 [eb-cfn-init]:  2800K .......... .......... .......... .......... .......... 10% 80.4M 0s
Sep 12 21:55:15 ip-172-31-40-121 [eb-cfn-init]:  2850K .......... .......... .......... .......... .......... 11% 60.9M 0s
Sep 12 21:55:15 ip-172-31-40-121 [eb-cfn-init]:  2900K .......... .......... .......... .......... .......... 11% 79.0M 0s
Sep 12 21:55:15 ip-172-31-40-121 [eb-cfn-init]:  2950K .......... .......... .......... .......... .......... 11% 38.7M 0s
Sep 12 21:55:15 ip-172-31-40-121 [eb-cfn-init]:  3000K .......... .......... .......... .......... .......... 11% 56.6M 0s
Sep 12 21:55:15 ip-172-31-40-121 [eb-cfn-init]:  3050K .......... .......... .......... .......... .......... 11% 34.6M 0s
Sep 12 21:55:15 ip-172-31-40-121 [eb-cfn-init]:  3100K .......... .......... .......... .......... .......... 12% 89.6M 0s
Sep 12 21:55:15 ip-172-31-40-121 [eb-cfn-init]:  3150K .......... .......... .......... .......... .......... 12% 52.8M 0s
Sep 12 21:55:15 ip-172-31-40-121 [eb-cfn-init]:  3200K .......... .......... .......... .......... .......... 12% 95.7M 0s
Sep 12 21:55:15 ip-172-31-40-121 [eb-cfn-init]:  3250K .......... .......... .......... .......... .......... 12% 88.9M 0s
Sep 12 21:55:15 ip-172-31-40-121 [eb-cfn-init]:  3300K .......... .......... .......... .......... .......... 12% 77.7M 0s
Sep 12 21:55:15 ip-172-31-40-121 [eb-cfn-init]:  3350K .......... .......... .......... .......... .......... 13% 55.6M 0s
Sep 12 21:55:15 ip-172-31-40-121 [eb-cfn-init]:  3400K .......... .......... .......... .......... .......... 13% 90.0M 0s
Sep 12 21:55:15 ip-172-31-40-121 [eb-cfn-init]:  3450K .......... .......... .......... .......... .......... 13% 94.3M 0s
Sep 12 21:55:15 ip-172-31-40-121 [eb-cfn-init]:  3500K .......... .......... .......... .......... .......... 13% 47.9M 0s
Sep 12 21:55:15 ip-172-31-40-121 [eb-cfn-init]:  3550K .......... .......... .......... .......... .......... 13%  105M 0s
Sep 12 21:55:16 ip-172-31-40-121 [eb-cfn-init]:  3600K .......... .......... .......... .......... .......... 13% 77.8M 0s
Sep 12 21:55:16 ip-172-31-40-121 [eb-cfn-init]:  3650K .......... .......... .......... .......... .......... 14% 71.6M 0s
Sep 12 21:55:16 ip-172-31-40-121 [eb-cfn-init]:  3700K .......... .......... .......... .......... .......... 14% 48.1M 0s
Sep 12 21:55:16 ip-172-31-40-121 [eb-cfn-init]:  3750K .......... .......... .......... .......... .......... 14% 67.7M 0s
Sep 12 21:55:16 ip-172-31-40-121 [eb-cfn-init]:  3800K .......... .......... .......... .......... .......... 14% 61.2M 0s
Sep 12 21:55:16 ip-172-31-40-121 [eb-cfn-init]:  3850K .......... .......... .......... .......... .......... 14% 82.4M 0s
Sep 12 21:55:16 ip-172-31-40-121 [eb-cfn-init]:  3900K .......... .......... .......... .......... .......... 15% 66.7M 0s
Sep 12 21:55:16 ip-172-31-40-121 [eb-cfn-init]:  3950K .......... .......... .......... .......... .......... 15% 86.6M 0s
Sep 12 21:55:16 ip-172-31-40-121 [eb-cfn-init]:  4000K .......... .......... .......... .......... .......... 15% 43.2M 0s
Sep 12 21:55:16 ip-172-31-40-121 [eb-cfn-init]:  4050K .......... .......... .......... .......... .......... 15% 90.0M 0s
Sep 12 21:55:16 ip-172-31-40-121 [eb-cfn-init]:  4100K .......... .......... .......... .......... .......... 15% 89.9M 0s
Sep 12 21:55:16 ip-172-31-40-121 [eb-cfn-init]:  4150K .......... .......... .......... .......... .......... 16% 5.03M 0s
Sep 12 21:55:16 ip-172-31-40-121 [eb-cfn-init]:  4200K .......... .......... .......... .......... .......... 16% 30.1M 0s
Sep 12 21:55:16 ip-172-31-40-121 [eb-cfn-init]:  4250K .......... .......... .......... .......... .......... 16% 86.6M 0s
Sep 12 21:55:16 ip-172-31-40-121 [eb-cfn-init]:  4300K .......... .......... .......... .......... .......... 16% 73.3M 0s
Sep 12 21:55:16 ip-172-31-40-121 [eb-cfn-init]:  4350K .......... .......... .......... .......... .......... 16% 80.9M 0s
Sep 12 21:55:16 ip-172-31-40-121 amazon-ssm-agent: 2024-09-12 21:55:13 INFO [CredentialRefresher] Sleeping for 27m48s before retrying retrieve credentials
Sep 12 21:55:16 ip-172-31-40-121 [eb-cfn-init]:  4400K .......... .......... .......... .......... .......... 17% 79.8M 0s
Sep 12 21:55:16 ip-172-31-40-121 [eb-cfn-init]:  4450K .......... .......... .......... .......... .......... 17% 44.2M 0s
Sep 12 21:55:16 ip-172-31-40-121 [eb-cfn-init]:  4500K .......... .......... .......... .......... .......... 17% 69.9M 0s
Sep 12 21:55:16 ip-172-31-40-121 [eb-cfn-init]:  4550K .......... .......... .......... .......... .......... 17% 44.3M 0s
Sep 12 21:55:16 ip-172-31-40-121 [eb-cfn-init]:  4600K .......... .......... .......... .......... .......... 17% 47.0M 0s
Sep 12 21:55:16 ip-172-31-40-121 [eb-cfn-init]:  4650K .......... .......... .......... .......... .......... 18% 65.5M 0s
Sep 12 21:55:16 ip-172-31-40-121 [eb-cfn-init]:  4700K .......... .......... .......... .......... .......... 18% 46.3M 0s
Sep 12 21:55:16 ip-172-31-40-121 [eb-cfn-init]:  4750K .......... .......... .......... .......... .......... 18% 83.9M 0s
Sep 12 21:55:16 ip-172-31-40-121 [eb-cfn-init]:  4800K .......... .......... .......... .......... .......... 18% 87.0M 0s
Sep 12 21:55:16 ip-172-31-40-121 [eb-cfn-init]:  4850K .......... .......... .......... .......... .......... 18% 22.6M 0s
Sep 12 21:55:16 ip-172-31-40-121 [eb-cfn-init]:  4900K .......... .......... .......... .......... .......... 18% 98.7M 0s
Sep 12 21:55:16 ip-172-31-40-121 [eb-cfn-init]:  4950K .......... .......... .......... .......... .......... 19% 88.9M 0s
Sep 12 21:55:16 ip-172-31-40-121 [eb-cfn-init]:  5000K .......... .......... .......... .......... .......... 19% 45.9M 0s
Sep 12 21:55:16 ip-172-31-40-121 [eb-cfn-init]:  5050K .......... .......... .......... .......... .......... 19% 78.9M 0s
Sep 12 21:55:16 ip-172-31-40-121 [eb-cfn-init]:  5100K .......... .......... .......... .......... .......... 19% 42.8M 0s
Sep 12 21:55:16 ip-172-31-40-121 [eb-cfn-init]:  5150K .......... .......... .......... .......... .......... 19% 87.2M 0s
Sep 12 21:55:16 ip-172-31-40-121 [eb-cfn-init]:  5200K .......... .......... .......... .......... .......... 20% 87.2M 0s
Sep 12 21:55:16 ip-172-31-40-121 [eb-cfn-init]:  5250K .......... .......... .......... .......... .......... 20% 86.5M 0s
Sep 12 21:55:16 ip-172-31-40-121 [eb-cfn-init]:  5300K .......... .......... .......... .......... .......... 20% 91.2M 0s
Sep 12 21:55:16 ip-172-31-40-121 [eb-cfn-init]:  5350K .......... .......... .......... .......... .......... 20% 78.6M 0s
Sep 12 21:55:16 ip-172-31-40-121 [eb-cfn-init]:  5400K .......... .......... .......... .......... .......... 20% 41.9M 0s
Sep 12 21:55:16 ip-172-31-40-121 [eb-cfn-init]:  5450K .......... .......... .......... .......... .......... 21% 85.9M 0s
Sep 12 21:55:16 ip-172-31-40-121 [eb-cfn-init]:  5500K .......... .......... .......... .......... .......... 21% 97.9M 0s
Sep 12 21:55:16 ip-172-31-40-121 [eb-cfn-init]:  5550K .......... .......... .......... .......... .......... 21% 89.6M 0s
Sep 12 21:55:16 ip-172-31-40-121 [eb-cfn-init]:  5600K .......... .......... .......... .......... .......... 21% 41.1M 0s
Sep 12 21:55:16 ip-172-31-40-121 [eb-cfn-init]:  5650K .......... .......... .......... .......... .......... 21% 62.3M 0s
Sep 12 21:55:16 ip-172-31-40-121 [eb-cfn-init]:  5700K .......... .......... .......... .......... .......... 22% 80.2M 0s
Sep 12 21:55:16 ip-172-31-40-121 [eb-cfn-init]:  5750K .......... .......... .......... .......... .......... 22% 65.8M 0s
Sep 12 21:55:16 ip-172-31-40-121 [eb-cfn-init]:  5800K .......... .......... .......... .......... .......... 22% 74.7M 0s
Sep 12 21:55:16 ip-172-31-40-121 [eb-cfn-init]:  5850K .......... .......... .......... .......... .......... 22% 88.7M 0s
Sep 12 21:55:16 ip-172-31-40-121 [eb-cfn-init]:  5900K .......... .......... .......... .......... .......... 22% 77.6M 0s
Sep 12 21:55:16 ip-172-31-40-121 [eb-cfn-init]:  5950K .......... .......... .......... .......... .......... 23% 48.5M 0s
Sep 12 21:55:16 ip-172-31-40-121 [eb-cfn-init]:  6000K .......... .......... .......... .......... .......... 23% 80.1M 0s
Sep 12 21:55:16 ip-172-31-40-121 [eb-cfn-init]:  6050K .......... .......... .......... .......... .......... 23% 88.4M 0s
Sep 12 21:55:16 ip-172-31-40-121 [eb-cfn-init]:  6100K .......... .......... .......... .......... .......... 23% 67.8M 0s
Sep 12 21:55:16 ip-172-31-40-121 [eb-cfn-init]:  6150K .......... .......... .......... .......... .......... 23% 89.2M 0s
Sep 12 21:55:16 ip-172-31-40-121 [eb-cfn-init]:  6200K .......... .......... .......... .......... .......... 23% 30.2M 0s
Sep 12 21:55:16 ip-172-31-40-121 [eb-cfn-init]:  6250K .......... .......... .......... .......... .......... 24% 86.6M 0s
Sep 12 21:55:16 ip-172-31-40-121 [eb-cfn-init]:  6300K .......... .......... .......... .......... .......... 24% 89.4M 0s
Sep 12 21:55:16 ip-172-31-40-121 [eb-cfn-init]:  6350K .......... .......... .......... .......... .......... 24% 91.5M 0s
Sep 12 21:55:16 ip-172-31-40-121 [eb-cfn-init]:  6400K .......... .......... .......... .......... .......... 24% 69.4M 0s
Sep 12 21:55:16 ip-172-31-40-121 [eb-cfn-init]:  6450K .......... .......... .......... .......... .......... 24% 54.4M 0s
Sep 12 21:55:16 ip-172-31-40-121 [eb-cfn-init]:  6500K .......... .......... .......... .......... .......... 25% 45.5M 0s
Sep 12 21:55:16 ip-172-31-40-121 [eb-cfn-init]:  6550K .......... .......... .......... .......... .......... 25% 61.9M 0s
Sep 12 21:55:16 ip-172-31-40-121 [eb-cfn-init]:  6600K .......... .......... .......... .......... .......... 25% 27.5M 0s
Sep 12 21:55:16 ip-172-31-40-121 [eb-cfn-init]:  6650K .......... .......... .......... .......... .......... 25% 50.5M 0s
Sep 12 21:55:16 ip-172-31-40-121 [eb-cfn-init]:  6700K .......... .......... .......... .......... .......... 25% 62.7M 0s
Sep 12 21:55:16 ip-172-31-40-121 [eb-cfn-init]:  6750K .......... .......... .......... .......... .......... 26% 73.7M 0s
Sep 12 21:55:16 ip-172-31-40-121 [eb-cfn-init]:  6800K .......... .......... .......... .......... .......... 26% 80.3M 0s
Sep 12 21:55:16 ip-172-31-40-121 [eb-cfn-init]:  6850K .......... .......... .......... .......... .......... 26% 44.2M 0s
Sep 12 21:55:16 ip-172-31-40-121 [eb-cfn-init]:  6900K .......... .......... .......... .......... .......... 26% 37.0M 0s
Sep 12 21:55:16 ip-172-31-40-121 [eb-cfn-init]:  6950K .......... .......... .......... .......... .......... 26% 62.8M 0s
Sep 12 21:55:16 ip-172-31-40-121 [eb-cfn-init]:  7000K .......... .......... .......... .......... .......... 27% 56.4M 0s
Sep 12 21:55:16 ip-172-31-40-121 [eb-cfn-init]:  7050K .......... .......... .......... .......... .......... 27% 73.8M 0s
Sep 12 21:55:16 ip-172-31-40-121 [eb-cfn-init]:  7100K .......... .......... .......... .......... .......... 27% 50.2M 0s
Sep 12 21:55:16 ip-172-31-40-121 [eb-cfn-init]:  7150K .......... .......... .......... .......... .......... 27% 67.8M 0s
Sep 12 21:55:16 ip-172-31-40-121 [eb-cfn-init]:  7200K .......... .......... .......... .......... .......... 27% 71.2M 0s
Sep 12 21:55:16 ip-172-31-40-121 [eb-cfn-init]:  7250K .......... .......... .......... .......... .......... 27% 74.9M 0s
Sep 12 21:55:16 ip-172-31-40-121 [eb-cfn-init]:  7300K .......... .......... .......... .......... .......... 28% 76.8M 0s
Sep 12 21:55:16 ip-172-31-40-121 [eb-cfn-init]:  7350K .......... .......... .......... .......... .......... 28% 53.0M 0s
Sep 12 21:55:16 ip-172-31-40-121 [eb-cfn-init]:  7400K .......... .......... .......... .......... .......... 28% 74.5M 0s
Sep 12 21:55:16 ip-172-31-40-121 [eb-cfn-init]:  7450K .......... .......... .......... .......... .......... 28% 74.3M 0s
Sep 12 21:55:16 ip-172-31-40-121 [eb-cfn-init]:  7500K .......... .......... .......... .......... .......... 28% 73.1M 0s
Sep 12 21:55:16 ip-172-31-40-121 [eb-cfn-init]:  7550K .......... .......... .......... .......... .......... 29% 70.7M 0s
Sep 12 21:55:16 ip-172-31-40-121 [eb-cfn-init]:  7600K .......... .......... .......... .......... .......... 29% 63.3M 0s
Sep 12 21:55:16 ip-172-31-40-121 [eb-cfn-init]:  7650K .......... .......... .......... .......... .......... 29% 48.1M 0s
Sep 12 21:55:16 ip-172-31-40-121 [eb-cfn-init]:  7700K .......... .......... .......... .......... .......... 29% 51.2M 0s
Sep 12 21:55:16 ip-172-31-40-121 [eb-cfn-init]:  7750K .......... .......... .......... .......... .......... 29% 86.3M 0s
Sep 12 21:55:16 ip-172-31-40-121 [eb-cfn-init]:  7800K .......... .......... .......... .......... .......... 30% 91.1M 0s
Sep 12 21:55:16 ip-172-31-40-121 [eb-cfn-init]:  7850K .......... .......... .......... .......... .......... 30% 83.3M 0s
Sep 12 21:55:16 ip-172-31-40-121 [eb-cfn-init]:  7900K .......... .......... .......... .......... .......... 30% 71.3M 0s
Sep 12 21:55:16 ip-172-31-40-121 [eb-cfn-init]:  7950K .......... .......... .......... .......... .......... 30% 55.7M 0s
Sep 12 21:55:16 ip-172-31-40-121 [eb-cfn-init]:  8000K .......... .......... .......... .......... .......... 30% 88.0M 0s
Sep 12 21:55:16 ip-172-31-40-121 [eb-cfn-init]:  8050K .......... .......... .......... .......... .......... 31% 42.5M 0s
Sep 12 21:55:16 ip-172-31-40-121 [eb-cfn-init]:  8100K .......... .......... .......... .......... .......... 31% 49.6M 0s
Sep 12 21:55:16 ip-172-31-40-121 [eb-cfn-init]:  8150K .......... .......... .......... .......... .......... 31% 67.3M 0s
Sep 12 21:55:16 ip-172-31-40-121 [eb-cfn-init]:  8200K .......... .......... .......... .......... .......... 31% 55.2M 0s
Sep 12 21:55:16 ip-172-31-40-121 [eb-cfn-init]:  8250K .......... .......... .......... .......... .......... 31% 89.0M 0s
Sep 12 21:55:16 ip-172-31-40-121 [eb-cfn-init]:  8300K .......... .......... .......... .......... .......... 32% 76.6M 0s
Sep 12 21:55:16 ip-172-31-40-121 [eb-cfn-init]:  8350K .......... .......... .......... .......... .......... 32% 47.0M 0s
Sep 12 21:55:16 ip-172-31-40-121 [eb-cfn-init]:  8400K .......... .......... .......... .......... .......... 32% 69.9M 0s
Sep 12 21:55:16 ip-172-31-40-121 [eb-cfn-init]:  8450K .......... .......... .......... .......... .......... 32% 50.6M 0s
Sep 12 21:55:16 ip-172-31-40-121 [eb-cfn-init]:  8500K .......... .......... .......... .......... .......... 32% 78.7M 0s
Sep 12 21:55:16 ip-172-31-40-121 [eb-cfn-init]:  8550K .......... .......... .......... .......... .......... 32% 90.1M 0s
Sep 12 21:55:16 ip-172-31-40-121 [eb-cfn-init]:  8600K .......... .......... .......... .......... .......... 33% 51.6M 0s
Sep 12 21:55:16 ip-172-31-40-121 [eb-cfn-init]:  8650K .......... .......... .......... .......... .......... 33% 67.3M 0s
Sep 12 21:55:16 ip-172-31-40-121 [eb-cfn-init]:  8700K .......... .......... .......... .......... .......... 33% 42.2M 0s
Sep 12 21:55:16 ip-172-31-40-121 [eb-cfn-init]:  8750K .......... .......... .......... .......... .......... 33% 88.1M 0s
Sep 12 21:55:16 ip-172-31-40-121 [eb-cfn-init]:  8800K .......... .......... .......... .......... .......... 33% 43.5M 0s
Sep 12 21:55:16 ip-172-31-40-121 [eb-cfn-init]:  8850K .......... .......... .......... .......... .......... 34% 88.9M 0s
Sep 12 21:55:16 ip-172-31-40-121 [eb-cfn-init]:  8900K .......... .......... .......... .......... .......... 34% 71.3M 0s
Sep 12 21:55:16 ip-172-31-40-121 [eb-cfn-init]:  8950K .......... .......... .......... .......... .......... 34% 68.7M 0s
Sep 12 21:55:16 ip-172-31-40-121 [eb-cfn-init]:  9000K .......... .......... .......... .......... .......... 34% 65.5M 0s
Sep 12 21:55:16 ip-172-31-40-121 [eb-cfn-init]:  9050K .......... .......... .......... .......... .......... 34% 89.4M 0s
Sep 12 21:55:16 ip-172-31-40-121 [eb-cfn-init]:  9100K .......... .......... .......... .......... .......... 35% 39.1M 0s
Sep 12 21:55:16 ip-172-31-40-121 [eb-cfn-init]:  9150K .......... .......... .......... .......... .......... 35% 75.9M 0s
Sep 12 21:55:16 ip-172-31-40-121 [eb-cfn-init]:  9200K .......... .......... .......... .......... .......... 35% 88.9M 0s
Sep 12 21:55:16 ip-172-31-40-121 [eb-cfn-init]:  9250K .......... .......... .......... .......... .......... 35% 86.5M 0s
Sep 12 21:55:16 ip-172-31-40-121 [eb-cfn-init]:  9300K .......... .......... .......... .......... .......... 35% 80.3M 0s
Sep 12 21:55:16 ip-172-31-40-121 [eb-cfn-init]:  9350K .......... .......... .......... .......... .......... 36% 40.1M 0s
Sep 12 21:55:16 ip-172-31-40-121 [eb-cfn-init]:  9400K .......... .......... .......... .......... .......... 36% 89.5M 0s
Sep 12 21:55:16 ip-172-31-40-121 [eb-cfn-init]:  9450K .......... .......... .......... .......... .......... 36% 90.1M 0s
Sep 12 21:55:16 ip-172-31-40-121 [eb-cfn-init]:  9500K .......... .......... .......... .......... .......... 36% 69.3M 0s
Sep 12 21:55:16 ip-172-31-40-121 [eb-cfn-init]:  9550K .......... .......... .......... .......... .......... 36% 83.2M 0s
Sep 12 21:55:16 ip-172-31-40-121 [eb-cfn-init]:  9600K .......... .......... .......... .......... .......... 37% 89.2M 0s
Sep 12 21:55:16 ip-172-31-40-121 [eb-cfn-init]:  9650K .......... .......... .......... .......... .......... 37% 93.0M 0s
Sep 12 21:55:16 ip-172-31-40-121 [eb-cfn-init]:  9700K .......... .......... .......... .......... .......... 37% 45.8M 0s
Sep 12 21:55:16 ip-172-31-40-121 [eb-cfn-init]:  9750K .......... .......... .......... .......... .......... 37% 87.5M 0s
Sep 12 21:55:16 ip-172-31-40-121 [eb-cfn-init]:  9800K .......... .......... .......... .......... .......... 37% 78.9M 0s
